running egg_info
creating ../build/gymbrot_capture_poses/gymbrot_capture_poses.egg-info
writing ../build/gymbrot_capture_poses/gymbrot_capture_poses.egg-info/PKG-INFO
writing dependency_links to ../build/gymbrot_capture_poses/gymbrot_capture_poses.egg-info/dependency_links.txt
writing entry points to ../build/gymbrot_capture_poses/gymbrot_capture_poses.egg-info/entry_points.txt
writing requirements to ../build/gymbrot_capture_poses/gymbrot_capture_poses.egg-info/requires.txt
writing top-level names to ../build/gymbrot_capture_poses/gymbrot_capture_poses.egg-info/top_level.txt
writing manifest file '../build/gymbrot_capture_poses/gymbrot_capture_poses.egg-info/SOURCES.txt'
reading manifest file '../build/gymbrot_capture_poses/gymbrot_capture_poses.egg-info/SOURCES.txt'
writing manifest file '../build/gymbrot_capture_poses/gymbrot_capture_poses.egg-info/SOURCES.txt'
running build
running build_py
creating /home/marcos04/turtlebot3_ws/src/gymbrot/build/gymbrot_capture_poses/build
creating /home/marcos04/turtlebot3_ws/src/gymbrot/build/gymbrot_capture_poses/build/lib
creating /home/marcos04/turtlebot3_ws/src/gymbrot/build/gymbrot_capture_poses/build/lib/gymbrot_capture_poses
copying gymbrot_capture_poses/captura_pose.py -> /home/marcos04/turtlebot3_ws/src/gymbrot/build/gymbrot_capture_poses/build/lib/gymbrot_capture_poses
copying gymbrot_capture_poses/key_poses.py -> /home/marcos04/turtlebot3_ws/src/gymbrot/build/gymbrot_capture_poses/build/lib/gymbrot_capture_poses
copying gymbrot_capture_poses/prueba.py -> /home/marcos04/turtlebot3_ws/src/gymbrot/build/gymbrot_capture_poses/build/lib/gymbrot_capture_poses
copying gymbrot_capture_poses/__init__.py -> /home/marcos04/turtlebot3_ws/src/gymbrot/build/gymbrot_capture_poses/build/lib/gymbrot_capture_poses
copying gymbrot_capture_poses/estima_pose.py -> /home/marcos04/turtlebot3_ws/src/gymbrot/build/gymbrot_capture_poses/build/lib/gymbrot_capture_poses
running install
running install_lib
creating /home/marcos04/turtlebot3_ws/src/gymbrot/install/gymbrot_capture_poses/lib/python3.8/site-packages/gymbrot_capture_poses
copying /home/marcos04/turtlebot3_ws/src/gymbrot/build/gymbrot_capture_poses/build/lib/gymbrot_capture_poses/captura_pose.py -> /home/marcos04/turtlebot3_ws/src/gymbrot/install/gymbrot_capture_poses/lib/python3.8/site-packages/gymbrot_capture_poses
copying /home/marcos04/turtlebot3_ws/src/gymbrot/build/gymbrot_capture_poses/build/lib/gymbrot_capture_poses/key_poses.py -> /home/marcos04/turtlebot3_ws/src/gymbrot/install/gymbrot_capture_poses/lib/python3.8/site-packages/gymbrot_capture_poses
copying /home/marcos04/turtlebot3_ws/src/gymbrot/build/gymbrot_capture_poses/build/lib/gymbrot_capture_poses/prueba.py -> /home/marcos04/turtlebot3_ws/src/gymbrot/install/gymbrot_capture_poses/lib/python3.8/site-packages/gymbrot_capture_poses
copying /home/marcos04/turtlebot3_ws/src/gymbrot/build/gymbrot_capture_poses/build/lib/gymbrot_capture_poses/__init__.py -> /home/marcos04/turtlebot3_ws/src/gymbrot/install/gymbrot_capture_poses/lib/python3.8/site-packages/gymbrot_capture_poses
copying /home/marcos04/turtlebot3_ws/src/gymbrot/build/gymbrot_capture_poses/build/lib/gymbrot_capture_poses/estima_pose.py -> /home/marcos04/turtlebot3_ws/src/gymbrot/install/gymbrot_capture_poses/lib/python3.8/site-packages/gymbrot_capture_poses
byte-compiling /home/marcos04/turtlebot3_ws/src/gymbrot/install/gymbrot_capture_poses/lib/python3.8/site-packages/gymbrot_capture_poses/captura_pose.py to captura_pose.cpython-38.pyc
byte-compiling /home/marcos04/turtlebot3_ws/src/gymbrot/install/gymbrot_capture_poses/lib/python3.8/site-packages/gymbrot_capture_poses/key_poses.py to key_poses.cpython-38.pyc
byte-compiling /home/marcos04/turtlebot3_ws/src/gymbrot/install/gymbrot_capture_poses/lib/python3.8/site-packages/gymbrot_capture_poses/prueba.py to prueba.cpython-38.pyc
byte-compiling /home/marcos04/turtlebot3_ws/src/gymbrot/install/gymbrot_capture_poses/lib/python3.8/site-packages/gymbrot_capture_poses/__init__.py to __init__.cpython-38.pyc
byte-compiling /home/marcos04/turtlebot3_ws/src/gymbrot/install/gymbrot_capture_poses/lib/python3.8/site-packages/gymbrot_capture_poses/estima_pose.py to estima_pose.cpython-38.pyc
running install_data
creating /home/marcos04/turtlebot3_ws/src/gymbrot/install/gymbrot_capture_poses/share/ament_index
creating /home/marcos04/turtlebot3_ws/src/gymbrot/install/gymbrot_capture_poses/share/ament_index/resource_index
creating /home/marcos04/turtlebot3_ws/src/gymbrot/install/gymbrot_capture_poses/share/ament_index/resource_index/packages
copying resource/gymbrot_capture_poses -> /home/marcos04/turtlebot3_ws/src/gymbrot/install/gymbrot_capture_poses/share/ament_index/resource_index/packages
copying package.xml -> /home/marcos04/turtlebot3_ws/src/gymbrot/install/gymbrot_capture_poses/share/gymbrot_capture_poses
running install_egg_info
Copying ../build/gymbrot_capture_poses/gymbrot_capture_poses.egg-info to /home/marcos04/turtlebot3_ws/src/gymbrot/install/gymbrot_capture_poses/lib/python3.8/site-packages/gymbrot_capture_poses-0.0.0-py3.8.egg-info
running install_scripts
writing list of installed files to '/home/marcos04/turtlebot3_ws/src/gymbrot/build/gymbrot_capture_poses/install.log'
