[0.802s] DEBUG:colcon:Command line arguments: ['/usr/bin/colcon', 'build', '--packages-select', 'gymbrot_capture_poses']
[0.802s] DEBUG:colcon:Parsed command line arguments: Namespace(allow_overriding=[], ament_cmake_args=None, base_paths=['.'], build_base='build', catkin_cmake_args=None, catkin_skip_building_tests=False, cmake_args=None, cmake_clean_cache=False, cmake_clean_first=False, cmake_force_configure=False, cmake_target=None, cmake_target_skip_unavailable=False, continue_on_error=False, event_handlers=None, executor='parallel', ignore_user_meta=False, install_base='install', log_base=None, log_level=None, main=<bound method BuildVerb.main of <colcon_core.verb.build.BuildVerb object at 0x7efe3528c490>>, merge_install=False, metas=['./colcon.meta'], mixin=None, mixin_files=None, mixin_verb=('build',), packages_above=None, packages_above_and_dependencies=None, packages_above_depth=None, packages_end=None, packages_ignore=None, packages_ignore_regex=None, packages_select=['gymbrot_capture_poses'], packages_select_build_failed=False, packages_select_by_dep=None, packages_select_regex=None, packages_select_test_failures=False, packages_skip=None, packages_skip_build_finished=False, packages_skip_by_dep=None, packages_skip_regex=None, packages_skip_test_passed=False, packages_skip_up_to=None, packages_start=None, packages_up_to=None, packages_up_to_regex=None, parallel_workers=3, paths=None, symlink_install=False, test_result_base=None, verb_extension=<colcon_core.verb.build.BuildVerb object at 0x7efe3528c490>, verb_name='build', verb_parser=<colcon_mixin.mixin.mixin_argument.MixinArgumentDecorator object at 0x7efe351e1dc0>)
[1.087s] Level 1:colcon.colcon_core.package_discovery:discover_packages(colcon_meta) check parameters
[1.087s] Level 1:colcon.colcon_core.package_discovery:discover_packages(recursive) check parameters
[1.087s] Level 1:colcon.colcon_core.package_discovery:discover_packages(ignore) check parameters
[1.087s] Level 1:colcon.colcon_core.package_discovery:discover_packages(path) check parameters
[1.087s] Level 1:colcon.colcon_core.package_discovery:discover_packages(colcon_meta) discover
[1.087s] Level 1:colcon.colcon_core.package_discovery:discover_packages(recursive) discover
[1.087s] INFO:colcon.colcon_core.package_discovery:Crawling recursively for packages in '/home/marcos04/turtlebot3_ws/src/gymbrot'
[1.087s] Level 1:colcon.colcon_core.package_identification:_identify(.) by extensions ['ignore', 'ignore_ament_install']
[1.087s] Level 1:colcon.colcon_core.package_identification:_identify(.) by extension 'ignore'
[1.087s] Level 1:colcon.colcon_core.package_identification:_identify(.) by extension 'ignore_ament_install'
[1.087s] Level 1:colcon.colcon_core.package_identification:_identify(.) by extensions ['colcon_pkg']
[1.088s] Level 1:colcon.colcon_core.package_identification:_identify(.) by extension 'colcon_pkg'
[1.088s] Level 1:colcon.colcon_core.package_identification:_identify(.) by extensions ['colcon_meta']
[1.088s] Level 1:colcon.colcon_core.package_identification:_identify(.) by extension 'colcon_meta'
[1.088s] Level 1:colcon.colcon_core.package_identification:_identify(.) by extensions ['ros']
[1.088s] Level 1:colcon.colcon_core.package_identification:_identify(.) by extension 'ros'
[1.111s] Level 1:colcon.colcon_core.package_identification:_identify(.) by extensions ['cmake', 'python']
[1.111s] Level 1:colcon.colcon_core.package_identification:_identify(.) by extension 'cmake'
[1.111s] Level 1:colcon.colcon_core.package_identification:_identify(.) by extension 'python'
[1.111s] Level 1:colcon.colcon_core.package_identification:_identify(.) by extensions ['python_setup_py']
[1.111s] Level 1:colcon.colcon_core.package_identification:_identify(.) by extension 'python_setup_py'
[1.111s] Level 1:colcon.colcon_core.package_identification:_identify(__pycache__) by extensions ['ignore', 'ignore_ament_install']
[1.111s] Level 1:colcon.colcon_core.package_identification:_identify(__pycache__) by extension 'ignore'
[1.111s] Level 1:colcon.colcon_core.package_identification:_identify(__pycache__) by extension 'ignore_ament_install'
[1.111s] Level 1:colcon.colcon_core.package_identification:_identify(__pycache__) by extensions ['colcon_pkg']
[1.111s] Level 1:colcon.colcon_core.package_identification:_identify(__pycache__) by extension 'colcon_pkg'
[1.111s] Level 1:colcon.colcon_core.package_identification:_identify(__pycache__) by extensions ['colcon_meta']
[1.111s] Level 1:colcon.colcon_core.package_identification:_identify(__pycache__) by extension 'colcon_meta'
[1.111s] Level 1:colcon.colcon_core.package_identification:_identify(__pycache__) by extensions ['ros']
[1.111s] Level 1:colcon.colcon_core.package_identification:_identify(__pycache__) by extension 'ros'
[1.112s] Level 1:colcon.colcon_core.package_identification:_identify(__pycache__) by extensions ['cmake', 'python']
[1.112s] Level 1:colcon.colcon_core.package_identification:_identify(__pycache__) by extension 'cmake'
[1.112s] Level 1:colcon.colcon_core.package_identification:_identify(__pycache__) by extension 'python'
[1.112s] Level 1:colcon.colcon_core.package_identification:_identify(__pycache__) by extensions ['python_setup_py']
[1.112s] Level 1:colcon.colcon_core.package_identification:_identify(__pycache__) by extension 'python_setup_py'
[1.112s] Level 1:colcon.colcon_core.package_identification:_identify(build) by extensions ['ignore', 'ignore_ament_install']
[1.112s] Level 1:colcon.colcon_core.package_identification:_identify(build) by extension 'ignore'
[1.112s] Level 1:colcon.colcon_core.package_identification:_identify(build) ignored
[1.112s] Level 1:colcon.colcon_core.package_identification:_identify(doc) by extensions ['ignore', 'ignore_ament_install']
[1.112s] Level 1:colcon.colcon_core.package_identification:_identify(doc) by extension 'ignore'
[1.112s] Level 1:colcon.colcon_core.package_identification:_identify(doc) by extension 'ignore_ament_install'
[1.112s] Level 1:colcon.colcon_core.package_identification:_identify(doc) by extensions ['colcon_pkg']
[1.112s] Level 1:colcon.colcon_core.package_identification:_identify(doc) by extension 'colcon_pkg'
[1.112s] Level 1:colcon.colcon_core.package_identification:_identify(doc) by extensions ['colcon_meta']
[1.112s] Level 1:colcon.colcon_core.package_identification:_identify(doc) by extension 'colcon_meta'
[1.112s] Level 1:colcon.colcon_core.package_identification:_identify(doc) by extensions ['ros']
[1.112s] Level 1:colcon.colcon_core.package_identification:_identify(doc) by extension 'ros'
[1.112s] Level 1:colcon.colcon_core.package_identification:_identify(doc) by extensions ['cmake', 'python']
[1.113s] Level 1:colcon.colcon_core.package_identification:_identify(doc) by extension 'cmake'
[1.113s] Level 1:colcon.colcon_core.package_identification:_identify(doc) by extension 'python'
[1.113s] Level 1:colcon.colcon_core.package_identification:_identify(doc) by extensions ['python_setup_py']
[1.113s] Level 1:colcon.colcon_core.package_identification:_identify(doc) by extension 'python_setup_py'
[1.113s] Level 1:colcon.colcon_core.package_identification:_identify(doc/Disenyos_Nodos_Interfaces) by extensions ['ignore', 'ignore_ament_install']
[1.113s] Level 1:colcon.colcon_core.package_identification:_identify(doc/Disenyos_Nodos_Interfaces) by extension 'ignore'
[1.113s] Level 1:colcon.colcon_core.package_identification:_identify(doc/Disenyos_Nodos_Interfaces) by extension 'ignore_ament_install'
[1.113s] Level 1:colcon.colcon_core.package_identification:_identify(doc/Disenyos_Nodos_Interfaces) by extensions ['colcon_pkg']
[1.113s] Level 1:colcon.colcon_core.package_identification:_identify(doc/Disenyos_Nodos_Interfaces) by extension 'colcon_pkg'
[1.113s] Level 1:colcon.colcon_core.package_identification:_identify(doc/Disenyos_Nodos_Interfaces) by extensions ['colcon_meta']
[1.113s] Level 1:colcon.colcon_core.package_identification:_identify(doc/Disenyos_Nodos_Interfaces) by extension 'colcon_meta'
[1.113s] Level 1:colcon.colcon_core.package_identification:_identify(doc/Disenyos_Nodos_Interfaces) by extensions ['ros']
[1.113s] Level 1:colcon.colcon_core.package_identification:_identify(doc/Disenyos_Nodos_Interfaces) by extension 'ros'
[1.113s] Level 1:colcon.colcon_core.package_identification:_identify(doc/Disenyos_Nodos_Interfaces) by extensions ['cmake', 'python']
[1.113s] Level 1:colcon.colcon_core.package_identification:_identify(doc/Disenyos_Nodos_Interfaces) by extension 'cmake'
[1.113s] Level 1:colcon.colcon_core.package_identification:_identify(doc/Disenyos_Nodos_Interfaces) by extension 'python'
[1.113s] Level 1:colcon.colcon_core.package_identification:_identify(doc/Disenyos_Nodos_Interfaces) by extensions ['python_setup_py']
[1.113s] Level 1:colcon.colcon_core.package_identification:_identify(doc/Disenyos_Nodos_Interfaces) by extension 'python_setup_py'
[1.113s] Level 1:colcon.colcon_core.package_identification:_identify(gym_world) by extensions ['ignore', 'ignore_ament_install']
[1.113s] Level 1:colcon.colcon_core.package_identification:_identify(gym_world) by extension 'ignore'
[1.113s] Level 1:colcon.colcon_core.package_identification:_identify(gym_world) by extension 'ignore_ament_install'
[1.113s] Level 1:colcon.colcon_core.package_identification:_identify(gym_world) by extensions ['colcon_pkg']
[1.114s] Level 1:colcon.colcon_core.package_identification:_identify(gym_world) by extension 'colcon_pkg'
[1.114s] Level 1:colcon.colcon_core.package_identification:_identify(gym_world) by extensions ['colcon_meta']
[1.114s] Level 1:colcon.colcon_core.package_identification:_identify(gym_world) by extension 'colcon_meta'
[1.114s] Level 1:colcon.colcon_core.package_identification:_identify(gym_world) by extensions ['ros']
[1.114s] Level 1:colcon.colcon_core.package_identification:_identify(gym_world) by extension 'ros'
[1.114s] Level 1:colcon.colcon_core.package_identification:_identify(gym_world) by extensions ['cmake', 'python']
[1.114s] Level 1:colcon.colcon_core.package_identification:_identify(gym_world) by extension 'cmake'
[1.114s] Level 1:colcon.colcon_core.package_identification:_identify(gym_world) by extension 'python'
[1.114s] Level 1:colcon.colcon_core.package_identification:_identify(gym_world) by extensions ['python_setup_py']
[1.114s] Level 1:colcon.colcon_core.package_identification:_identify(gym_world) by extension 'python_setup_py'
[1.114s] Level 1:colcon.colcon_core.package_identification:_identify(gym_world/include) by extensions ['ignore', 'ignore_ament_install']
[1.114s] Level 1:colcon.colcon_core.package_identification:_identify(gym_world/include) by extension 'ignore'
[1.114s] Level 1:colcon.colcon_core.package_identification:_identify(gym_world/include) by extension 'ignore_ament_install'
[1.114s] Level 1:colcon.colcon_core.package_identification:_identify(gym_world/include) by extensions ['colcon_pkg']
[1.114s] Level 1:colcon.colcon_core.package_identification:_identify(gym_world/include) by extension 'colcon_pkg'
[1.114s] Level 1:colcon.colcon_core.package_identification:_identify(gym_world/include) by extensions ['colcon_meta']
[1.114s] Level 1:colcon.colcon_core.package_identification:_identify(gym_world/include) by extension 'colcon_meta'
[1.114s] Level 1:colcon.colcon_core.package_identification:_identify(gym_world/include) by extensions ['ros']
[1.114s] Level 1:colcon.colcon_core.package_identification:_identify(gym_world/include) by extension 'ros'
[1.114s] Level 1:colcon.colcon_core.package_identification:_identify(gym_world/include) by extensions ['cmake', 'python']
[1.114s] Level 1:colcon.colcon_core.package_identification:_identify(gym_world/include) by extension 'cmake'
[1.114s] Level 1:colcon.colcon_core.package_identification:_identify(gym_world/include) by extension 'python'
[1.114s] Level 1:colcon.colcon_core.package_identification:_identify(gym_world/include) by extensions ['python_setup_py']
[1.115s] Level 1:colcon.colcon_core.package_identification:_identify(gym_world/include) by extension 'python_setup_py'
[1.115s] Level 1:colcon.colcon_core.package_identification:_identify(gym_world/include/gym_world) by extensions ['ignore', 'ignore_ament_install']
[1.115s] Level 1:colcon.colcon_core.package_identification:_identify(gym_world/include/gym_world) by extension 'ignore'
[1.115s] Level 1:colcon.colcon_core.package_identification:_identify(gym_world/include/gym_world) by extension 'ignore_ament_install'
[1.115s] Level 1:colcon.colcon_core.package_identification:_identify(gym_world/include/gym_world) by extensions ['colcon_pkg']
[1.115s] Level 1:colcon.colcon_core.package_identification:_identify(gym_world/include/gym_world) by extension 'colcon_pkg'
[1.115s] Level 1:colcon.colcon_core.package_identification:_identify(gym_world/include/gym_world) by extensions ['colcon_meta']
[1.115s] Level 1:colcon.colcon_core.package_identification:_identify(gym_world/include/gym_world) by extension 'colcon_meta'
[1.115s] Level 1:colcon.colcon_core.package_identification:_identify(gym_world/include/gym_world) by extensions ['ros']
[1.115s] Level 1:colcon.colcon_core.package_identification:_identify(gym_world/include/gym_world) by extension 'ros'
[1.115s] Level 1:colcon.colcon_core.package_identification:_identify(gym_world/include/gym_world) by extensions ['cmake', 'python']
[1.115s] Level 1:colcon.colcon_core.package_identification:_identify(gym_world/include/gym_world) by extension 'cmake'
[1.115s] Level 1:colcon.colcon_core.package_identification:_identify(gym_world/include/gym_world) by extension 'python'
[1.115s] Level 1:colcon.colcon_core.package_identification:_identify(gym_world/include/gym_world) by extensions ['python_setup_py']
[1.115s] Level 1:colcon.colcon_core.package_identification:_identify(gym_world/include/gym_world) by extension 'python_setup_py'
[1.115s] Level 1:colcon.colcon_core.package_identification:_identify(gymbrot) by extensions ['ignore', 'ignore_ament_install']
[1.115s] Level 1:colcon.colcon_core.package_identification:_identify(gymbrot) by extension 'ignore'
[1.115s] Level 1:colcon.colcon_core.package_identification:_identify(gymbrot) by extension 'ignore_ament_install'
[1.115s] Level 1:colcon.colcon_core.package_identification:_identify(gymbrot) by extensions ['colcon_pkg']
[1.115s] Level 1:colcon.colcon_core.package_identification:_identify(gymbrot) by extension 'colcon_pkg'
[1.116s] Level 1:colcon.colcon_core.package_identification:_identify(gymbrot) by extensions ['colcon_meta']
[1.116s] Level 1:colcon.colcon_core.package_identification:_identify(gymbrot) by extension 'colcon_meta'
[1.116s] Level 1:colcon.colcon_core.package_identification:_identify(gymbrot) by extensions ['ros']
[1.116s] Level 1:colcon.colcon_core.package_identification:_identify(gymbrot) by extension 'ros'
[1.127s] DEBUG:colcon.colcon_core.package_identification:Package 'gymbrot' with type 'ros.ament_cmake' and name 'gymbrot'
[1.127s] Level 1:colcon.colcon_core.package_identification:_identify(gymbrot_capture_image) by extensions ['ignore', 'ignore_ament_install']
[1.127s] Level 1:colcon.colcon_core.package_identification:_identify(gymbrot_capture_image) by extension 'ignore'
[1.127s] Level 1:colcon.colcon_core.package_identification:_identify(gymbrot_capture_image) by extension 'ignore_ament_install'
[1.127s] Level 1:colcon.colcon_core.package_identification:_identify(gymbrot_capture_image) by extensions ['colcon_pkg']
[1.127s] Level 1:colcon.colcon_core.package_identification:_identify(gymbrot_capture_image) by extension 'colcon_pkg'
[1.127s] Level 1:colcon.colcon_core.package_identification:_identify(gymbrot_capture_image) by extensions ['colcon_meta']
[1.127s] Level 1:colcon.colcon_core.package_identification:_identify(gymbrot_capture_image) by extension 'colcon_meta'
[1.127s] Level 1:colcon.colcon_core.package_identification:_identify(gymbrot_capture_image) by extensions ['ros']
[1.127s] Level 1:colcon.colcon_core.package_identification:_identify(gymbrot_capture_image) by extension 'ros'
[1.130s] DEBUG:colcon.colcon_core.package_identification:Package 'gymbrot_capture_image' with type 'ros.ament_python' and name 'gymbrot_capture_image'
[1.130s] Level 1:colcon.colcon_core.package_identification:_identify(gymbrot_capture_poses) by extensions ['ignore', 'ignore_ament_install']
[1.130s] Level 1:colcon.colcon_core.package_identification:_identify(gymbrot_capture_poses) by extension 'ignore'
[1.130s] Level 1:colcon.colcon_core.package_identification:_identify(gymbrot_capture_poses) by extension 'ignore_ament_install'
[1.131s] Level 1:colcon.colcon_core.package_identification:_identify(gymbrot_capture_poses) by extensions ['colcon_pkg']
[1.131s] Level 1:colcon.colcon_core.package_identification:_identify(gymbrot_capture_poses) by extension 'colcon_pkg'
[1.131s] Level 1:colcon.colcon_core.package_identification:_identify(gymbrot_capture_poses) by extensions ['colcon_meta']
[1.131s] Level 1:colcon.colcon_core.package_identification:_identify(gymbrot_capture_poses) by extension 'colcon_meta'
[1.131s] Level 1:colcon.colcon_core.package_identification:_identify(gymbrot_capture_poses) by extensions ['ros']
[1.131s] Level 1:colcon.colcon_core.package_identification:_identify(gymbrot_capture_poses) by extension 'ros'
[1.134s] DEBUG:colcon.colcon_core.package_identification:Package 'gymbrot_capture_poses' with type 'ros.ament_python' and name 'gymbrot_capture_poses'
[1.134s] Level 1:colcon.colcon_core.package_identification:_identify(gymbrot_interfaces) by extensions ['ignore', 'ignore_ament_install']
[1.134s] Level 1:colcon.colcon_core.package_identification:_identify(gymbrot_interfaces) by extension 'ignore'
[1.134s] Level 1:colcon.colcon_core.package_identification:_identify(gymbrot_interfaces) by extension 'ignore_ament_install'
[1.134s] Level 1:colcon.colcon_core.package_identification:_identify(gymbrot_interfaces) by extensions ['colcon_pkg']
[1.135s] Level 1:colcon.colcon_core.package_identification:_identify(gymbrot_interfaces) by extension 'colcon_pkg'
[1.135s] Level 1:colcon.colcon_core.package_identification:_identify(gymbrot_interfaces) by extensions ['colcon_meta']
[1.135s] Level 1:colcon.colcon_core.package_identification:_identify(gymbrot_interfaces) by extension 'colcon_meta'
[1.135s] Level 1:colcon.colcon_core.package_identification:_identify(gymbrot_interfaces) by extensions ['ros']
[1.135s] Level 1:colcon.colcon_core.package_identification:_identify(gymbrot_interfaces) by extension 'ros'
[1.137s] DEBUG:colcon.colcon_core.package_identification:Package 'gymbrot_interfaces' with type 'ros.ament_cmake' and name 'gymbrot_interfaces'
[1.138s] Level 1:colcon.colcon_core.package_identification:_identify(gymbrot_point_nav_system) by extensions ['ignore', 'ignore_ament_install']
[1.138s] Level 1:colcon.colcon_core.package_identification:_identify(gymbrot_point_nav_system) by extension 'ignore'
[1.138s] Level 1:colcon.colcon_core.package_identification:_identify(gymbrot_point_nav_system) by extension 'ignore_ament_install'
[1.138s] Level 1:colcon.colcon_core.package_identification:_identify(gymbrot_point_nav_system) by extensions ['colcon_pkg']
[1.138s] Level 1:colcon.colcon_core.package_identification:_identify(gymbrot_point_nav_system) by extension 'colcon_pkg'
[1.138s] Level 1:colcon.colcon_core.package_identification:_identify(gymbrot_point_nav_system) by extensions ['colcon_meta']
[1.138s] Level 1:colcon.colcon_core.package_identification:_identify(gymbrot_point_nav_system) by extension 'colcon_meta'
[1.138s] Level 1:colcon.colcon_core.package_identification:_identify(gymbrot_point_nav_system) by extensions ['ros']
[1.138s] Level 1:colcon.colcon_core.package_identification:_identify(gymbrot_point_nav_system) by extension 'ros'
[1.140s] DEBUG:colcon.colcon_core.package_identification:Package 'gymbrot_point_nav_system' with type 'ros.ament_python' and name 'gymbrot_point_nav_system'
[1.140s] Level 1:colcon.colcon_core.package_identification:_identify(gymbrot_world) by extensions ['ignore', 'ignore_ament_install']
[1.140s] Level 1:colcon.colcon_core.package_identification:_identify(gymbrot_world) by extension 'ignore'
[1.140s] Level 1:colcon.colcon_core.package_identification:_identify(gymbrot_world) by extension 'ignore_ament_install'
[1.140s] Level 1:colcon.colcon_core.package_identification:_identify(gymbrot_world) by extensions ['colcon_pkg']
[1.141s] Level 1:colcon.colcon_core.package_identification:_identify(gymbrot_world) by extension 'colcon_pkg'
[1.141s] Level 1:colcon.colcon_core.package_identification:_identify(gymbrot_world) by extensions ['colcon_meta']
[1.141s] Level 1:colcon.colcon_core.package_identification:_identify(gymbrot_world) by extension 'colcon_meta'
[1.141s] Level 1:colcon.colcon_core.package_identification:_identify(gymbrot_world) by extensions ['ros']
[1.141s] Level 1:colcon.colcon_core.package_identification:_identify(gymbrot_world) by extension 'ros'
[1.144s] DEBUG:colcon.colcon_core.package_identification:Package 'gymbrot_world' with type 'ros.ament_cmake' and name 'gymbrot_world'
[1.145s] Level 1:colcon.colcon_core.package_identification:_identify(install) by extensions ['ignore', 'ignore_ament_install']
[1.145s] Level 1:colcon.colcon_core.package_identification:_identify(install) by extension 'ignore'
[1.145s] Level 1:colcon.colcon_core.package_identification:_identify(install) ignored
[1.145s] Level 1:colcon.colcon_core.package_identification:_identify(log) by extensions ['ignore', 'ignore_ament_install']
[1.145s] Level 1:colcon.colcon_core.package_identification:_identify(log) by extension 'ignore'
[1.145s] Level 1:colcon.colcon_core.package_identification:_identify(log) ignored
[1.146s] Level 1:colcon.colcon_core.package_identification:_identify(rosweb) by extensions ['ignore', 'ignore_ament_install']
[1.146s] Level 1:colcon.colcon_core.package_identification:_identify(rosweb) by extension 'ignore'
[1.146s] Level 1:colcon.colcon_core.package_identification:_identify(rosweb) by extension 'ignore_ament_install'
[1.146s] Level 1:colcon.colcon_core.package_identification:_identify(rosweb) by extensions ['colcon_pkg']
[1.146s] Level 1:colcon.colcon_core.package_identification:_identify(rosweb) by extension 'colcon_pkg'
[1.146s] Level 1:colcon.colcon_core.package_identification:_identify(rosweb) by extensions ['colcon_meta']
[1.146s] Level 1:colcon.colcon_core.package_identification:_identify(rosweb) by extension 'colcon_meta'
[1.146s] Level 1:colcon.colcon_core.package_identification:_identify(rosweb) by extensions ['ros']
[1.146s] Level 1:colcon.colcon_core.package_identification:_identify(rosweb) by extension 'ros'
[1.147s] Level 1:colcon.colcon_core.package_identification:_identify(rosweb) by extensions ['cmake', 'python']
[1.147s] Level 1:colcon.colcon_core.package_identification:_identify(rosweb) by extension 'cmake'
[1.147s] Level 1:colcon.colcon_core.package_identification:_identify(rosweb) by extension 'python'
[1.147s] Level 1:colcon.colcon_core.package_identification:_identify(rosweb) by extensions ['python_setup_py']
[1.147s] Level 1:colcon.colcon_core.package_identification:_identify(rosweb) by extension 'python_setup_py'
[1.147s] Level 1:colcon.colcon_core.package_identification:_identify(rosweb/assets) by extensions ['ignore', 'ignore_ament_install']
[1.147s] Level 1:colcon.colcon_core.package_identification:_identify(rosweb/assets) by extension 'ignore'
[1.147s] Level 1:colcon.colcon_core.package_identification:_identify(rosweb/assets) by extension 'ignore_ament_install'
[1.147s] Level 1:colcon.colcon_core.package_identification:_identify(rosweb/assets) by extensions ['colcon_pkg']
[1.147s] Level 1:colcon.colcon_core.package_identification:_identify(rosweb/assets) by extension 'colcon_pkg'
[1.147s] Level 1:colcon.colcon_core.package_identification:_identify(rosweb/assets) by extensions ['colcon_meta']
[1.147s] Level 1:colcon.colcon_core.package_identification:_identify(rosweb/assets) by extension 'colcon_meta'
[1.147s] Level 1:colcon.colcon_core.package_identification:_identify(rosweb/assets) by extensions ['ros']
[1.147s] Level 1:colcon.colcon_core.package_identification:_identify(rosweb/assets) by extension 'ros'
[1.147s] Level 1:colcon.colcon_core.package_identification:_identify(rosweb/assets) by extensions ['cmake', 'python']
[1.147s] Level 1:colcon.colcon_core.package_identification:_identify(rosweb/assets) by extension 'cmake'
[1.147s] Level 1:colcon.colcon_core.package_identification:_identify(rosweb/assets) by extension 'python'
[1.147s] Level 1:colcon.colcon_core.package_identification:_identify(rosweb/assets) by extensions ['python_setup_py']
[1.147s] Level 1:colcon.colcon_core.package_identification:_identify(rosweb/assets) by extension 'python_setup_py'
[1.147s] Level 1:colcon.colcon_core.package_identification:_identify(rosweb/bbdd) by extensions ['ignore', 'ignore_ament_install']
[1.147s] Level 1:colcon.colcon_core.package_identification:_identify(rosweb/bbdd) by extension 'ignore'
[1.147s] Level 1:colcon.colcon_core.package_identification:_identify(rosweb/bbdd) by extension 'ignore_ament_install'
[1.147s] Level 1:colcon.colcon_core.package_identification:_identify(rosweb/bbdd) by extensions ['colcon_pkg']
[1.147s] Level 1:colcon.colcon_core.package_identification:_identify(rosweb/bbdd) by extension 'colcon_pkg'
[1.148s] Level 1:colcon.colcon_core.package_identification:_identify(rosweb/bbdd) by extensions ['colcon_meta']
[1.148s] Level 1:colcon.colcon_core.package_identification:_identify(rosweb/bbdd) by extension 'colcon_meta'
[1.148s] Level 1:colcon.colcon_core.package_identification:_identify(rosweb/bbdd) by extensions ['ros']
[1.148s] Level 1:colcon.colcon_core.package_identification:_identify(rosweb/bbdd) by extension 'ros'
[1.148s] Level 1:colcon.colcon_core.package_identification:_identify(rosweb/bbdd) by extensions ['cmake', 'python']
[1.148s] Level 1:colcon.colcon_core.package_identification:_identify(rosweb/bbdd) by extension 'cmake'
[1.148s] Level 1:colcon.colcon_core.package_identification:_identify(rosweb/bbdd) by extension 'python'
[1.148s] Level 1:colcon.colcon_core.package_identification:_identify(rosweb/bbdd) by extensions ['python_setup_py']
[1.148s] Level 1:colcon.colcon_core.package_identification:_identify(rosweb/bbdd) by extension 'python_setup_py'
[1.148s] Level 1:colcon.colcon_core.package_identification:_identify(rosweb/html) by extensions ['ignore', 'ignore_ament_install']
[1.148s] Level 1:colcon.colcon_core.package_identification:_identify(rosweb/html) by extension 'ignore'
[1.148s] Level 1:colcon.colcon_core.package_identification:_identify(rosweb/html) by extension 'ignore_ament_install'
[1.148s] Level 1:colcon.colcon_core.package_identification:_identify(rosweb/html) by extensions ['colcon_pkg']
[1.148s] Level 1:colcon.colcon_core.package_identification:_identify(rosweb/html) by extension 'colcon_pkg'
[1.148s] Level 1:colcon.colcon_core.package_identification:_identify(rosweb/html) by extensions ['colcon_meta']
[1.148s] Level 1:colcon.colcon_core.package_identification:_identify(rosweb/html) by extension 'colcon_meta'
[1.148s] Level 1:colcon.colcon_core.package_identification:_identify(rosweb/html) by extensions ['ros']
[1.148s] Level 1:colcon.colcon_core.package_identification:_identify(rosweb/html) by extension 'ros'
[1.148s] Level 1:colcon.colcon_core.package_identification:_identify(rosweb/html) by extensions ['cmake', 'python']
[1.148s] Level 1:colcon.colcon_core.package_identification:_identify(rosweb/html) by extension 'cmake'
[1.148s] Level 1:colcon.colcon_core.package_identification:_identify(rosweb/html) by extension 'python'
[1.148s] Level 1:colcon.colcon_core.package_identification:_identify(rosweb/html) by extensions ['python_setup_py']
[1.148s] Level 1:colcon.colcon_core.package_identification:_identify(rosweb/html) by extension 'python_setup_py'
[1.148s] Level 1:colcon.colcon_core.package_identification:_identify(rosweb/js) by extensions ['ignore', 'ignore_ament_install']
[1.149s] Level 1:colcon.colcon_core.package_identification:_identify(rosweb/js) by extension 'ignore'
[1.149s] Level 1:colcon.colcon_core.package_identification:_identify(rosweb/js) by extension 'ignore_ament_install'
[1.149s] Level 1:colcon.colcon_core.package_identification:_identify(rosweb/js) by extensions ['colcon_pkg']
[1.149s] Level 1:colcon.colcon_core.package_identification:_identify(rosweb/js) by extension 'colcon_pkg'
[1.149s] Level 1:colcon.colcon_core.package_identification:_identify(rosweb/js) by extensions ['colcon_meta']
[1.149s] Level 1:colcon.colcon_core.package_identification:_identify(rosweb/js) by extension 'colcon_meta'
[1.149s] Level 1:colcon.colcon_core.package_identification:_identify(rosweb/js) by extensions ['ros']
[1.149s] Level 1:colcon.colcon_core.package_identification:_identify(rosweb/js) by extension 'ros'
[1.149s] Level 1:colcon.colcon_core.package_identification:_identify(rosweb/js) by extensions ['cmake', 'python']
[1.149s] Level 1:colcon.colcon_core.package_identification:_identify(rosweb/js) by extension 'cmake'
[1.149s] Level 1:colcon.colcon_core.package_identification:_identify(rosweb/js) by extension 'python'
[1.149s] Level 1:colcon.colcon_core.package_identification:_identify(rosweb/js) by extensions ['python_setup_py']
[1.149s] Level 1:colcon.colcon_core.package_identification:_identify(rosweb/js) by extension 'python_setup_py'
[1.149s] Level 1:colcon.colcon_core.package_identification:_identify(rosweb/js/doc) by extensions ['ignore', 'ignore_ament_install']
[1.149s] Level 1:colcon.colcon_core.package_identification:_identify(rosweb/js/doc) by extension 'ignore'
[1.149s] Level 1:colcon.colcon_core.package_identification:_identify(rosweb/js/doc) by extension 'ignore_ament_install'
[1.149s] Level 1:colcon.colcon_core.package_identification:_identify(rosweb/js/doc) by extensions ['colcon_pkg']
[1.149s] Level 1:colcon.colcon_core.package_identification:_identify(rosweb/js/doc) by extension 'colcon_pkg'
[1.149s] Level 1:colcon.colcon_core.package_identification:_identify(rosweb/js/doc) by extensions ['colcon_meta']
[1.149s] Level 1:colcon.colcon_core.package_identification:_identify(rosweb/js/doc) by extension 'colcon_meta'
[1.150s] Level 1:colcon.colcon_core.package_identification:_identify(rosweb/js/doc) by extensions ['ros']
[1.150s] Level 1:colcon.colcon_core.package_identification:_identify(rosweb/js/doc) by extension 'ros'
[1.150s] Level 1:colcon.colcon_core.package_identification:_identify(rosweb/js/doc) by extensions ['cmake', 'python']
[1.150s] Level 1:colcon.colcon_core.package_identification:_identify(rosweb/js/doc) by extension 'cmake'
[1.150s] Level 1:colcon.colcon_core.package_identification:_identify(rosweb/js/doc) by extension 'python'
[1.150s] Level 1:colcon.colcon_core.package_identification:_identify(rosweb/js/doc) by extensions ['python_setup_py']
[1.150s] Level 1:colcon.colcon_core.package_identification:_identify(rosweb/js/doc) by extension 'python_setup_py'
[1.150s] Level 1:colcon.colcon_core.package_identification:_identify(rosweb/js/doc/fonts) by extensions ['ignore', 'ignore_ament_install']
[1.150s] Level 1:colcon.colcon_core.package_identification:_identify(rosweb/js/doc/fonts) by extension 'ignore'
[1.150s] Level 1:colcon.colcon_core.package_identification:_identify(rosweb/js/doc/fonts) by extension 'ignore_ament_install'
[1.150s] Level 1:colcon.colcon_core.package_identification:_identify(rosweb/js/doc/fonts) by extensions ['colcon_pkg']
[1.150s] Level 1:colcon.colcon_core.package_identification:_identify(rosweb/js/doc/fonts) by extension 'colcon_pkg'
[1.150s] Level 1:colcon.colcon_core.package_identification:_identify(rosweb/js/doc/fonts) by extensions ['colcon_meta']
[1.150s] Level 1:colcon.colcon_core.package_identification:_identify(rosweb/js/doc/fonts) by extension 'colcon_meta'
[1.150s] Level 1:colcon.colcon_core.package_identification:_identify(rosweb/js/doc/fonts) by extensions ['ros']
[1.151s] Level 1:colcon.colcon_core.package_identification:_identify(rosweb/js/doc/fonts) by extension 'ros'
[1.151s] Level 1:colcon.colcon_core.package_identification:_identify(rosweb/js/doc/fonts) by extensions ['cmake', 'python']
[1.151s] Level 1:colcon.colcon_core.package_identification:_identify(rosweb/js/doc/fonts) by extension 'cmake'
[1.151s] Level 1:colcon.colcon_core.package_identification:_identify(rosweb/js/doc/fonts) by extension 'python'
[1.151s] Level 1:colcon.colcon_core.package_identification:_identify(rosweb/js/doc/fonts) by extensions ['python_setup_py']
[1.151s] Level 1:colcon.colcon_core.package_identification:_identify(rosweb/js/doc/fonts) by extension 'python_setup_py'
[1.151s] Level 1:colcon.colcon_core.package_identification:_identify(rosweb/js/doc/scripts) by extensions ['ignore', 'ignore_ament_install']
[1.151s] Level 1:colcon.colcon_core.package_identification:_identify(rosweb/js/doc/scripts) by extension 'ignore'
[1.151s] Level 1:colcon.colcon_core.package_identification:_identify(rosweb/js/doc/scripts) by extension 'ignore_ament_install'
[1.151s] Level 1:colcon.colcon_core.package_identification:_identify(rosweb/js/doc/scripts) by extensions ['colcon_pkg']
[1.151s] Level 1:colcon.colcon_core.package_identification:_identify(rosweb/js/doc/scripts) by extension 'colcon_pkg'
[1.151s] Level 1:colcon.colcon_core.package_identification:_identify(rosweb/js/doc/scripts) by extensions ['colcon_meta']
[1.151s] Level 1:colcon.colcon_core.package_identification:_identify(rosweb/js/doc/scripts) by extension 'colcon_meta'
[1.151s] Level 1:colcon.colcon_core.package_identification:_identify(rosweb/js/doc/scripts) by extensions ['ros']
[1.151s] Level 1:colcon.colcon_core.package_identification:_identify(rosweb/js/doc/scripts) by extension 'ros'
[1.151s] Level 1:colcon.colcon_core.package_identification:_identify(rosweb/js/doc/scripts) by extensions ['cmake', 'python']
[1.151s] Level 1:colcon.colcon_core.package_identification:_identify(rosweb/js/doc/scripts) by extension 'cmake'
[1.151s] Level 1:colcon.colcon_core.package_identification:_identify(rosweb/js/doc/scripts) by extension 'python'
[1.151s] Level 1:colcon.colcon_core.package_identification:_identify(rosweb/js/doc/scripts) by extensions ['python_setup_py']
[1.151s] Level 1:colcon.colcon_core.package_identification:_identify(rosweb/js/doc/scripts) by extension 'python_setup_py'
[1.151s] Level 1:colcon.colcon_core.package_identification:_identify(rosweb/js/doc/scripts/prettify) by extensions ['ignore', 'ignore_ament_install']
[1.152s] Level 1:colcon.colcon_core.package_identification:_identify(rosweb/js/doc/scripts/prettify) by extension 'ignore'
[1.152s] Level 1:colcon.colcon_core.package_identification:_identify(rosweb/js/doc/scripts/prettify) by extension 'ignore_ament_install'
[1.152s] Level 1:colcon.colcon_core.package_identification:_identify(rosweb/js/doc/scripts/prettify) by extensions ['colcon_pkg']
[1.152s] Level 1:colcon.colcon_core.package_identification:_identify(rosweb/js/doc/scripts/prettify) by extension 'colcon_pkg'
[1.152s] Level 1:colcon.colcon_core.package_identification:_identify(rosweb/js/doc/scripts/prettify) by extensions ['colcon_meta']
[1.152s] Level 1:colcon.colcon_core.package_identification:_identify(rosweb/js/doc/scripts/prettify) by extension 'colcon_meta'
[1.152s] Level 1:colcon.colcon_core.package_identification:_identify(rosweb/js/doc/scripts/prettify) by extensions ['ros']
[1.152s] Level 1:colcon.colcon_core.package_identification:_identify(rosweb/js/doc/scripts/prettify) by extension 'ros'
[1.152s] Level 1:colcon.colcon_core.package_identification:_identify(rosweb/js/doc/scripts/prettify) by extensions ['cmake', 'python']
[1.152s] Level 1:colcon.colcon_core.package_identification:_identify(rosweb/js/doc/scripts/prettify) by extension 'cmake'
[1.152s] Level 1:colcon.colcon_core.package_identification:_identify(rosweb/js/doc/scripts/prettify) by extension 'python'
[1.152s] Level 1:colcon.colcon_core.package_identification:_identify(rosweb/js/doc/scripts/prettify) by extensions ['python_setup_py']
[1.152s] Level 1:colcon.colcon_core.package_identification:_identify(rosweb/js/doc/scripts/prettify) by extension 'python_setup_py'
[1.152s] Level 1:colcon.colcon_core.package_identification:_identify(rosweb/js/doc/styles) by extensions ['ignore', 'ignore_ament_install']
[1.152s] Level 1:colcon.colcon_core.package_identification:_identify(rosweb/js/doc/styles) by extension 'ignore'
[1.152s] Level 1:colcon.colcon_core.package_identification:_identify(rosweb/js/doc/styles) by extension 'ignore_ament_install'
[1.152s] Level 1:colcon.colcon_core.package_identification:_identify(rosweb/js/doc/styles) by extensions ['colcon_pkg']
[1.152s] Level 1:colcon.colcon_core.package_identification:_identify(rosweb/js/doc/styles) by extension 'colcon_pkg'
[1.152s] Level 1:colcon.colcon_core.package_identification:_identify(rosweb/js/doc/styles) by extensions ['colcon_meta']
[1.152s] Level 1:colcon.colcon_core.package_identification:_identify(rosweb/js/doc/styles) by extension 'colcon_meta'
[1.152s] Level 1:colcon.colcon_core.package_identification:_identify(rosweb/js/doc/styles) by extensions ['ros']
[1.153s] Level 1:colcon.colcon_core.package_identification:_identify(rosweb/js/doc/styles) by extension 'ros'
[1.153s] Level 1:colcon.colcon_core.package_identification:_identify(rosweb/js/doc/styles) by extensions ['cmake', 'python']
[1.153s] Level 1:colcon.colcon_core.package_identification:_identify(rosweb/js/doc/styles) by extension 'cmake'
[1.153s] Level 1:colcon.colcon_core.package_identification:_identify(rosweb/js/doc/styles) by extension 'python'
[1.153s] Level 1:colcon.colcon_core.package_identification:_identify(rosweb/js/doc/styles) by extensions ['python_setup_py']
[1.153s] Level 1:colcon.colcon_core.package_identification:_identify(rosweb/js/doc/styles) by extension 'python_setup_py'
[1.153s] Level 1:colcon.colcon_core.package_identification:_identify(rosweb/php) by extensions ['ignore', 'ignore_ament_install']
[1.153s] Level 1:colcon.colcon_core.package_identification:_identify(rosweb/php) by extension 'ignore'
[1.153s] Level 1:colcon.colcon_core.package_identification:_identify(rosweb/php) by extension 'ignore_ament_install'
[1.153s] Level 1:colcon.colcon_core.package_identification:_identify(rosweb/php) by extensions ['colcon_pkg']
[1.153s] Level 1:colcon.colcon_core.package_identification:_identify(rosweb/php) by extension 'colcon_pkg'
[1.153s] Level 1:colcon.colcon_core.package_identification:_identify(rosweb/php) by extensions ['colcon_meta']
[1.153s] Level 1:colcon.colcon_core.package_identification:_identify(rosweb/php) by extension 'colcon_meta'
[1.153s] Level 1:colcon.colcon_core.package_identification:_identify(rosweb/php) by extensions ['ros']
[1.153s] Level 1:colcon.colcon_core.package_identification:_identify(rosweb/php) by extension 'ros'
[1.153s] Level 1:colcon.colcon_core.package_identification:_identify(rosweb/php) by extensions ['cmake', 'python']
[1.153s] Level 1:colcon.colcon_core.package_identification:_identify(rosweb/php) by extension 'cmake'
[1.153s] Level 1:colcon.colcon_core.package_identification:_identify(rosweb/php) by extension 'python'
[1.153s] Level 1:colcon.colcon_core.package_identification:_identify(rosweb/php) by extensions ['python_setup_py']
[1.153s] Level 1:colcon.colcon_core.package_identification:_identify(rosweb/php) by extension 'python_setup_py'
[1.153s] Level 1:colcon.colcon_core.package_discovery:discover_packages(recursive) using defaults
[1.153s] Level 1:colcon.colcon_core.package_discovery:discover_packages(ignore) discover
[1.153s] Level 1:colcon.colcon_core.package_discovery:discover_packages(ignore) using defaults
[1.153s] Level 1:colcon.colcon_core.package_discovery:discover_packages(path) discover
[1.153s] Level 1:colcon.colcon_core.package_discovery:discover_packages(path) using defaults
[1.230s] INFO:colcon.colcon_core.package_selection:Skipping not selected package 'gymbrot_capture_image' in 'gymbrot_capture_image'
[1.230s] INFO:colcon.colcon_core.package_selection:Skipping not selected package 'gymbrot_interfaces' in 'gymbrot_interfaces'
[1.230s] INFO:colcon.colcon_core.package_selection:Skipping not selected package 'gymbrot_point_nav_system' in 'gymbrot_point_nav_system'
[1.230s] INFO:colcon.colcon_core.package_selection:Skipping not selected package 'gymbrot_world' in 'gymbrot_world'
[1.231s] INFO:colcon.colcon_core.package_selection:Skipping not selected package 'gymbrot' in 'gymbrot'
[1.233s] Level 1:colcon.colcon_core.package_discovery:discover_packages(prefix_path) check parameters
[1.233s] Level 1:colcon.colcon_core.package_discovery:discover_packages(prefix_path) discover
[1.247s] DEBUG:colcon.colcon_installed_package_information.package_discovery:Found 20 installed packages in /home/marcos04/turtlebot3_ws/install
[1.249s] DEBUG:colcon.colcon_installed_package_information.package_discovery:Found 337 installed packages in /opt/ros/galactic
[1.251s] Level 1:colcon.colcon_core.package_discovery:discover_packages(prefix_path) using defaults
[1.545s] Level 5:colcon.colcon_core.verb:set package 'gymbrot_capture_poses' build argument 'cmake_args' from command line to 'None'
[1.545s] Level 5:colcon.colcon_core.verb:set package 'gymbrot_capture_poses' build argument 'cmake_target' from command line to 'None'
[1.545s] Level 5:colcon.colcon_core.verb:set package 'gymbrot_capture_poses' build argument 'cmake_target_skip_unavailable' from command line to 'False'
[1.545s] Level 5:colcon.colcon_core.verb:set package 'gymbrot_capture_poses' build argument 'cmake_clean_cache' from command line to 'False'
[1.545s] Level 5:colcon.colcon_core.verb:set package 'gymbrot_capture_poses' build argument 'cmake_clean_first' from command line to 'False'
[1.545s] Level 5:colcon.colcon_core.verb:set package 'gymbrot_capture_poses' build argument 'cmake_force_configure' from command line to 'False'
[1.545s] Level 5:colcon.colcon_core.verb:set package 'gymbrot_capture_poses' build argument 'ament_cmake_args' from command line to 'None'
[1.545s] Level 5:colcon.colcon_core.verb:set package 'gymbrot_capture_poses' build argument 'catkin_cmake_args' from command line to 'None'
[1.545s] Level 5:colcon.colcon_core.verb:set package 'gymbrot_capture_poses' build argument 'catkin_skip_building_tests' from command line to 'False'
[1.546s] DEBUG:colcon.colcon_core.verb:Building package 'gymbrot_capture_poses' with the following arguments: {'ament_cmake_args': None, 'build_base': '/home/marcos04/turtlebot3_ws/src/gymbrot/build/gymbrot_capture_poses', 'catkin_cmake_args': None, 'catkin_skip_building_tests': False, 'cmake_args': None, 'cmake_clean_cache': False, 'cmake_clean_first': False, 'cmake_force_configure': False, 'cmake_target': None, 'cmake_target_skip_unavailable': False, 'install_base': '/home/marcos04/turtlebot3_ws/src/gymbrot/install/gymbrot_capture_poses', 'merge_install': False, 'path': '/home/marcos04/turtlebot3_ws/src/gymbrot/gymbrot_capture_poses', 'symlink_install': False, 'test_result_base': None}
[1.546s] INFO:colcon.colcon_core.executor:Executing jobs using 'parallel' executor
[1.548s] DEBUG:colcon.colcon_parallel_executor.executor.parallel:run_until_complete
[1.548s] INFO:colcon.colcon_ros.task.ament_python.build:Building ROS package in '/home/marcos04/turtlebot3_ws/src/gymbrot/gymbrot_capture_poses' with build type 'ament_python'
[1.548s] Level 1:colcon.colcon_core.shell:create_environment_hook('gymbrot_capture_poses', 'ament_prefix_path')
[1.567s] INFO:colcon.colcon_core.plugin_system:Skipping extension 'colcon_core.shell.bat': Not used on non-Windows systems
[1.567s] INFO:colcon.colcon_core.shell:Creating environment hook '/home/marcos04/turtlebot3_ws/src/gymbrot/install/gymbrot_capture_poses/share/gymbrot_capture_poses/hook/ament_prefix_path.ps1'
[1.569s] INFO:colcon.colcon_core.shell:Creating environment descriptor '/home/marcos04/turtlebot3_ws/src/gymbrot/install/gymbrot_capture_poses/share/gymbrot_capture_poses/hook/ament_prefix_path.dsv'
[1.577s] INFO:colcon.colcon_core.shell:Creating environment hook '/home/marcos04/turtlebot3_ws/src/gymbrot/install/gymbrot_capture_poses/share/gymbrot_capture_poses/hook/ament_prefix_path.sh'
[1.583s] INFO:colcon.colcon_core.shell:Skip shell extension 'powershell' for command environment: Not usable outside of PowerShell
[1.583s] DEBUG:colcon.colcon_core.shell:Skip shell extension 'dsv' for command environment
[1.876s] INFO:colcon.colcon_core.task.python.build:Building Python package in '/home/marcos04/turtlebot3_ws/src/gymbrot/gymbrot_capture_poses'
[1.876s] INFO:colcon.colcon_core.shell:Skip shell extension 'powershell' for command environment: Not usable outside of PowerShell
[1.887s] DEBUG:colcon.colcon_core.shell:Skip shell extension 'dsv' for command environment
[2.939s] DEBUG:colcon.colcon_core.event_handler.log_command:Invoking command in '/home/marcos04/turtlebot3_ws/src/gymbrot/gymbrot_capture_poses': PYTHONPATH=/home/marcos04/turtlebot3_ws/src/gymbrot/build/gymbrot_capture_poses/prefix_override:/usr/lib/python3/dist-packages/colcon_core/task/python/colcon_distutils_commands:/home/marcos04/turtlebot3_ws/src/gymbrot/install/gymbrot_capture_poses/lib/python3.8/site-packages:${PYTHONPATH} /usr/bin/python3 -W ignore:setup.py install is deprecated -W ignore:easy_install command is deprecated setup.py egg_info --egg-base ../build/gymbrot_capture_poses build --build-base /home/marcos04/turtlebot3_ws/src/gymbrot/build/gymbrot_capture_poses/build install --record /home/marcos04/turtlebot3_ws/src/gymbrot/build/gymbrot_capture_poses/install.log --single-version-externally-managed install_data
[3.426s] DEBUG:colcon.colcon_core.event_handler.log_command:Invoked command in '/home/marcos04/turtlebot3_ws/src/gymbrot/gymbrot_capture_poses' returned '0': PYTHONPATH=/home/marcos04/turtlebot3_ws/src/gymbrot/build/gymbrot_capture_poses/prefix_override:/usr/lib/python3/dist-packages/colcon_core/task/python/colcon_distutils_commands:/home/marcos04/turtlebot3_ws/src/gymbrot/install/gymbrot_capture_poses/lib/python3.8/site-packages:${PYTHONPATH} /usr/bin/python3 -W ignore:setup.py install is deprecated -W ignore:easy_install command is deprecated setup.py egg_info --egg-base ../build/gymbrot_capture_poses build --build-base /home/marcos04/turtlebot3_ws/src/gymbrot/build/gymbrot_capture_poses/build install --record /home/marcos04/turtlebot3_ws/src/gymbrot/build/gymbrot_capture_poses/install.log --single-version-externally-managed install_data
[3.454s] Level 1:colcon.colcon_core.environment:checking '/home/marcos04/turtlebot3_ws/src/gymbrot/install/gymbrot_capture_poses' for CMake module files
[3.454s] Level 1:colcon.colcon_core.environment:checking '/home/marcos04/turtlebot3_ws/src/gymbrot/install/gymbrot_capture_poses' for CMake config files
[3.455s] Level 1:colcon.colcon_core.environment:checking '/home/marcos04/turtlebot3_ws/src/gymbrot/install/gymbrot_capture_poses/lib'
[3.455s] Level 1:colcon.colcon_core.environment:checking '/home/marcos04/turtlebot3_ws/src/gymbrot/install/gymbrot_capture_poses/bin'
[3.455s] Level 1:colcon.colcon_core.environment:checking '/home/marcos04/turtlebot3_ws/src/gymbrot/install/gymbrot_capture_poses/lib/pkgconfig/gymbrot_capture_poses.pc'
[3.456s] Level 1:colcon.colcon_core.environment:checking '/home/marcos04/turtlebot3_ws/src/gymbrot/install/gymbrot_capture_poses/lib/python3.8/site-packages'
[3.456s] Level 1:colcon.colcon_core.shell:create_environment_hook('gymbrot_capture_poses', 'pythonpath')
[3.456s] INFO:colcon.colcon_core.shell:Creating environment hook '/home/marcos04/turtlebot3_ws/src/gymbrot/install/gymbrot_capture_poses/share/gymbrot_capture_poses/hook/pythonpath.ps1'
[3.457s] INFO:colcon.colcon_core.shell:Creating environment descriptor '/home/marcos04/turtlebot3_ws/src/gymbrot/install/gymbrot_capture_poses/share/gymbrot_capture_poses/hook/pythonpath.dsv'
[3.457s] INFO:colcon.colcon_core.shell:Creating environment hook '/home/marcos04/turtlebot3_ws/src/gymbrot/install/gymbrot_capture_poses/share/gymbrot_capture_poses/hook/pythonpath.sh'
[3.458s] Level 1:colcon.colcon_core.environment:checking '/home/marcos04/turtlebot3_ws/src/gymbrot/install/gymbrot_capture_poses/bin'
[3.458s] Level 1:colcon.colcon_core.environment:create_environment_scripts_only(gymbrot_capture_poses)
[3.458s] INFO:colcon.colcon_core.shell:Creating package script '/home/marcos04/turtlebot3_ws/src/gymbrot/install/gymbrot_capture_poses/share/gymbrot_capture_poses/package.ps1'
[3.461s] INFO:colcon.colcon_core.shell:Creating package descriptor '/home/marcos04/turtlebot3_ws/src/gymbrot/install/gymbrot_capture_poses/share/gymbrot_capture_poses/package.dsv'
[3.465s] INFO:colcon.colcon_core.shell:Creating package script '/home/marcos04/turtlebot3_ws/src/gymbrot/install/gymbrot_capture_poses/share/gymbrot_capture_poses/package.sh'
[3.471s] INFO:colcon.colcon_core.shell:Creating package script '/home/marcos04/turtlebot3_ws/src/gymbrot/install/gymbrot_capture_poses/share/gymbrot_capture_poses/package.bash'
[3.474s] INFO:colcon.colcon_core.shell:Creating package script '/home/marcos04/turtlebot3_ws/src/gymbrot/install/gymbrot_capture_poses/share/gymbrot_capture_poses/package.zsh'
[3.479s] Level 1:colcon.colcon_core.environment:create_file_with_runtime_dependencies(/home/marcos04/turtlebot3_ws/src/gymbrot/install/gymbrot_capture_poses/share/colcon-core/packages/gymbrot_capture_poses)
[3.480s] DEBUG:colcon.colcon_parallel_executor.executor.parallel:closing loop
[3.481s] DEBUG:colcon.colcon_parallel_executor.executor.parallel:loop closed
[3.481s] DEBUG:colcon.colcon_parallel_executor.executor.parallel:run_until_complete finished with '0'
[3.482s] DEBUG:colcon.colcon_core.event_reactor:joining thread
[3.508s] INFO:colcon.colcon_core.plugin_system:Skipping extension 'colcon_notification.desktop_notification.terminal_notifier': Not used on non-Darwin systems
[3.509s] INFO:colcon.colcon_core.plugin_system:Skipping extension 'colcon_notification.desktop_notification.win32': Not used on non-Windows systems
[3.509s] INFO:colcon.colcon_notification.desktop_notification:Sending desktop notification using 'notify2'
[3.558s] DEBUG:colcon.colcon_core.event_reactor:joined thread
[3.558s] INFO:colcon.colcon_core.shell:Creating prefix script '/home/marcos04/turtlebot3_ws/src/gymbrot/install/local_setup.ps1'
[3.561s] INFO:colcon.colcon_core.shell:Creating prefix util module '/home/marcos04/turtlebot3_ws/src/gymbrot/install/_local_setup_util_ps1.py'
[3.564s] INFO:colcon.colcon_core.shell:Creating prefix chain script '/home/marcos04/turtlebot3_ws/src/gymbrot/install/setup.ps1'
[3.568s] INFO:colcon.colcon_core.shell:Creating prefix script '/home/marcos04/turtlebot3_ws/src/gymbrot/install/local_setup.sh'
[3.586s] INFO:colcon.colcon_core.shell:Creating prefix util module '/home/marcos04/turtlebot3_ws/src/gymbrot/install/_local_setup_util_sh.py'
[3.586s] INFO:colcon.colcon_core.shell:Creating prefix chain script '/home/marcos04/turtlebot3_ws/src/gymbrot/install/setup.sh'
[3.607s] INFO:colcon.colcon_core.shell:Creating prefix script '/home/marcos04/turtlebot3_ws/src/gymbrot/install/local_setup.bash'
[3.612s] INFO:colcon.colcon_core.shell:Creating prefix chain script '/home/marcos04/turtlebot3_ws/src/gymbrot/install/setup.bash'
[3.616s] INFO:colcon.colcon_core.shell:Creating prefix script '/home/marcos04/turtlebot3_ws/src/gymbrot/install/local_setup.zsh'
[3.618s] INFO:colcon.colcon_core.shell:Creating prefix chain script '/home/marcos04/turtlebot3_ws/src/gymbrot/install/setup.zsh'
