[0.213s] DEBUG:colcon:Command line arguments: ['/usr/bin/colcon', 'build', '--packages-select', 'gymbrot_capture_poses']
[0.213s] DEBUG:colcon:Parsed command line arguments: Namespace(allow_overriding=[], ament_cmake_args=None, base_paths=['.'], build_base='build', catkin_cmake_args=None, catkin_skip_building_tests=False, cmake_args=None, cmake_clean_cache=False, cmake_clean_first=False, cmake_force_configure=False, cmake_target=None, cmake_target_skip_unavailable=False, continue_on_error=False, event_handlers=None, executor='parallel', ignore_user_meta=False, install_base='install', log_base=None, log_level=None, main=<bound method BuildVerb.main of <colcon_core.verb.build.BuildVerb object at 0x7fa6c97bc490>>, merge_install=False, metas=['./colcon.meta'], mixin=None, mixin_files=None, mixin_verb=('build',), packages_above=None, packages_above_and_dependencies=None, packages_above_depth=None, packages_end=None, packages_ignore=None, packages_ignore_regex=None, packages_select=['gymbrot_capture_poses'], packages_select_build_failed=False, packages_select_by_dep=None, packages_select_regex=None, packages_select_test_failures=False, packages_skip=None, packages_skip_build_finished=False, packages_skip_by_dep=None, packages_skip_regex=None, packages_skip_test_passed=False, packages_skip_up_to=None, packages_start=None, packages_up_to=None, packages_up_to_regex=None, parallel_workers=3, paths=None, symlink_install=False, test_result_base=None, verb_extension=<colcon_core.verb.build.BuildVerb object at 0x7fa6c97bc490>, verb_name='build', verb_parser=<colcon_mixin.mixin.mixin_argument.MixinArgumentDecorator object at 0x7fa6c9711dc0>)
[0.407s] Level 1:colcon.colcon_core.package_discovery:discover_packages(colcon_meta) check parameters
[0.407s] Level 1:colcon.colcon_core.package_discovery:discover_packages(recursive) check parameters
[0.407s] Level 1:colcon.colcon_core.package_discovery:discover_packages(ignore) check parameters
[0.407s] Level 1:colcon.colcon_core.package_discovery:discover_packages(path) check parameters
[0.408s] Level 1:colcon.colcon_core.package_discovery:discover_packages(colcon_meta) discover
[0.408s] Level 1:colcon.colcon_core.package_discovery:discover_packages(recursive) discover
[0.408s] INFO:colcon.colcon_core.package_discovery:Crawling recursively for packages in '/home/marcos04/turtlebot3_ws/src/gymbrot'
[0.408s] Level 1:colcon.colcon_core.package_identification:_identify(.) by extensions ['ignore', 'ignore_ament_install']
[0.408s] Level 1:colcon.colcon_core.package_identification:_identify(.) by extension 'ignore'
[0.408s] Level 1:colcon.colcon_core.package_identification:_identify(.) by extension 'ignore_ament_install'
[0.408s] Level 1:colcon.colcon_core.package_identification:_identify(.) by extensions ['colcon_pkg']
[0.408s] Level 1:colcon.colcon_core.package_identification:_identify(.) by extension 'colcon_pkg'
[0.408s] Level 1:colcon.colcon_core.package_identification:_identify(.) by extensions ['colcon_meta']
[0.408s] Level 1:colcon.colcon_core.package_identification:_identify(.) by extension 'colcon_meta'
[0.409s] Level 1:colcon.colcon_core.package_identification:_identify(.) by extensions ['ros']
[0.409s] Level 1:colcon.colcon_core.package_identification:_identify(.) by extension 'ros'
[0.420s] Level 1:colcon.colcon_core.package_identification:_identify(.) by extensions ['cmake', 'python']
[0.421s] Level 1:colcon.colcon_core.package_identification:_identify(.) by extension 'cmake'
[0.421s] Level 1:colcon.colcon_core.package_identification:_identify(.) by extension 'python'
[0.421s] Level 1:colcon.colcon_core.package_identification:_identify(.) by extensions ['python_setup_py']
[0.421s] Level 1:colcon.colcon_core.package_identification:_identify(.) by extension 'python_setup_py'
[0.421s] Level 1:colcon.colcon_core.package_identification:_identify(__pycache__) by extensions ['ignore', 'ignore_ament_install']
[0.421s] Level 1:colcon.colcon_core.package_identification:_identify(__pycache__) by extension 'ignore'
[0.421s] Level 1:colcon.colcon_core.package_identification:_identify(__pycache__) by extension 'ignore_ament_install'
[0.421s] Level 1:colcon.colcon_core.package_identification:_identify(__pycache__) by extensions ['colcon_pkg']
[0.421s] Level 1:colcon.colcon_core.package_identification:_identify(__pycache__) by extension 'colcon_pkg'
[0.421s] Level 1:colcon.colcon_core.package_identification:_identify(__pycache__) by extensions ['colcon_meta']
[0.421s] Level 1:colcon.colcon_core.package_identification:_identify(__pycache__) by extension 'colcon_meta'
[0.421s] Level 1:colcon.colcon_core.package_identification:_identify(__pycache__) by extensions ['ros']
[0.421s] Level 1:colcon.colcon_core.package_identification:_identify(__pycache__) by extension 'ros'
[0.421s] Level 1:colcon.colcon_core.package_identification:_identify(__pycache__) by extensions ['cmake', 'python']
[0.421s] Level 1:colcon.colcon_core.package_identification:_identify(__pycache__) by extension 'cmake'
[0.421s] Level 1:colcon.colcon_core.package_identification:_identify(__pycache__) by extension 'python'
[0.421s] Level 1:colcon.colcon_core.package_identification:_identify(__pycache__) by extensions ['python_setup_py']
[0.421s] Level 1:colcon.colcon_core.package_identification:_identify(__pycache__) by extension 'python_setup_py'
[0.422s] Level 1:colcon.colcon_core.package_identification:_identify(build) by extensions ['ignore', 'ignore_ament_install']
[0.422s] Level 1:colcon.colcon_core.package_identification:_identify(build) by extension 'ignore'
[0.422s] Level 1:colcon.colcon_core.package_identification:_identify(build) ignored
[0.422s] Level 1:colcon.colcon_core.package_identification:_identify(doc) by extensions ['ignore', 'ignore_ament_install']
[0.422s] Level 1:colcon.colcon_core.package_identification:_identify(doc) by extension 'ignore'
[0.422s] Level 1:colcon.colcon_core.package_identification:_identify(doc) by extension 'ignore_ament_install'
[0.422s] Level 1:colcon.colcon_core.package_identification:_identify(doc) by extensions ['colcon_pkg']
[0.422s] Level 1:colcon.colcon_core.package_identification:_identify(doc) by extension 'colcon_pkg'
[0.422s] Level 1:colcon.colcon_core.package_identification:_identify(doc) by extensions ['colcon_meta']
[0.422s] Level 1:colcon.colcon_core.package_identification:_identify(doc) by extension 'colcon_meta'
[0.422s] Level 1:colcon.colcon_core.package_identification:_identify(doc) by extensions ['ros']
[0.422s] Level 1:colcon.colcon_core.package_identification:_identify(doc) by extension 'ros'
[0.422s] Level 1:colcon.colcon_core.package_identification:_identify(doc) by extensions ['cmake', 'python']
[0.422s] Level 1:colcon.colcon_core.package_identification:_identify(doc) by extension 'cmake'
[0.422s] Level 1:colcon.colcon_core.package_identification:_identify(doc) by extension 'python'
[0.422s] Level 1:colcon.colcon_core.package_identification:_identify(doc) by extensions ['python_setup_py']
[0.422s] Level 1:colcon.colcon_core.package_identification:_identify(doc) by extension 'python_setup_py'
[0.422s] Level 1:colcon.colcon_core.package_identification:_identify(doc/Disenyos_Nodos_Interfaces) by extensions ['ignore', 'ignore_ament_install']
[0.423s] Level 1:colcon.colcon_core.package_identification:_identify(doc/Disenyos_Nodos_Interfaces) by extension 'ignore'
[0.423s] Level 1:colcon.colcon_core.package_identification:_identify(doc/Disenyos_Nodos_Interfaces) by extension 'ignore_ament_install'
[0.423s] Level 1:colcon.colcon_core.package_identification:_identify(doc/Disenyos_Nodos_Interfaces) by extensions ['colcon_pkg']
[0.423s] Level 1:colcon.colcon_core.package_identification:_identify(doc/Disenyos_Nodos_Interfaces) by extension 'colcon_pkg'
[0.423s] Level 1:colcon.colcon_core.package_identification:_identify(doc/Disenyos_Nodos_Interfaces) by extensions ['colcon_meta']
[0.423s] Level 1:colcon.colcon_core.package_identification:_identify(doc/Disenyos_Nodos_Interfaces) by extension 'colcon_meta'
[0.423s] Level 1:colcon.colcon_core.package_identification:_identify(doc/Disenyos_Nodos_Interfaces) by extensions ['ros']
[0.423s] Level 1:colcon.colcon_core.package_identification:_identify(doc/Disenyos_Nodos_Interfaces) by extension 'ros'
[0.423s] Level 1:colcon.colcon_core.package_identification:_identify(doc/Disenyos_Nodos_Interfaces) by extensions ['cmake', 'python']
[0.423s] Level 1:colcon.colcon_core.package_identification:_identify(doc/Disenyos_Nodos_Interfaces) by extension 'cmake'
[0.423s] Level 1:colcon.colcon_core.package_identification:_identify(doc/Disenyos_Nodos_Interfaces) by extension 'python'
[0.423s] Level 1:colcon.colcon_core.package_identification:_identify(doc/Disenyos_Nodos_Interfaces) by extensions ['python_setup_py']
[0.423s] Level 1:colcon.colcon_core.package_identification:_identify(doc/Disenyos_Nodos_Interfaces) by extension 'python_setup_py'
[0.423s] Level 1:colcon.colcon_core.package_identification:_identify(gym_world) by extensions ['ignore', 'ignore_ament_install']
[0.424s] Level 1:colcon.colcon_core.package_identification:_identify(gym_world) by extension 'ignore'
[0.425s] Level 1:colcon.colcon_core.package_identification:_identify(gym_world) by extension 'ignore_ament_install'
[0.425s] Level 1:colcon.colcon_core.package_identification:_identify(gym_world) by extensions ['colcon_pkg']
[0.425s] Level 1:colcon.colcon_core.package_identification:_identify(gym_world) by extension 'colcon_pkg'
[0.425s] Level 1:colcon.colcon_core.package_identification:_identify(gym_world) by extensions ['colcon_meta']
[0.425s] Level 1:colcon.colcon_core.package_identification:_identify(gym_world) by extension 'colcon_meta'
[0.425s] Level 1:colcon.colcon_core.package_identification:_identify(gym_world) by extensions ['ros']
[0.425s] Level 1:colcon.colcon_core.package_identification:_identify(gym_world) by extension 'ros'
[0.425s] Level 1:colcon.colcon_core.package_identification:_identify(gym_world) by extensions ['cmake', 'python']
[0.425s] Level 1:colcon.colcon_core.package_identification:_identify(gym_world) by extension 'cmake'
[0.425s] Level 1:colcon.colcon_core.package_identification:_identify(gym_world) by extension 'python'
[0.425s] Level 1:colcon.colcon_core.package_identification:_identify(gym_world) by extensions ['python_setup_py']
[0.425s] Level 1:colcon.colcon_core.package_identification:_identify(gym_world) by extension 'python_setup_py'
[0.425s] Level 1:colcon.colcon_core.package_identification:_identify(gym_world/include) by extensions ['ignore', 'ignore_ament_install']
[0.426s] Level 1:colcon.colcon_core.package_identification:_identify(gym_world/include) by extension 'ignore'
[0.426s] Level 1:colcon.colcon_core.package_identification:_identify(gym_world/include) by extension 'ignore_ament_install'
[0.426s] Level 1:colcon.colcon_core.package_identification:_identify(gym_world/include) by extensions ['colcon_pkg']
[0.426s] Level 1:colcon.colcon_core.package_identification:_identify(gym_world/include) by extension 'colcon_pkg'
[0.426s] Level 1:colcon.colcon_core.package_identification:_identify(gym_world/include) by extensions ['colcon_meta']
[0.426s] Level 1:colcon.colcon_core.package_identification:_identify(gym_world/include) by extension 'colcon_meta'
[0.426s] Level 1:colcon.colcon_core.package_identification:_identify(gym_world/include) by extensions ['ros']
[0.426s] Level 1:colcon.colcon_core.package_identification:_identify(gym_world/include) by extension 'ros'
[0.426s] Level 1:colcon.colcon_core.package_identification:_identify(gym_world/include) by extensions ['cmake', 'python']
[0.426s] Level 1:colcon.colcon_core.package_identification:_identify(gym_world/include) by extension 'cmake'
[0.426s] Level 1:colcon.colcon_core.package_identification:_identify(gym_world/include) by extension 'python'
[0.426s] Level 1:colcon.colcon_core.package_identification:_identify(gym_world/include) by extensions ['python_setup_py']
[0.426s] Level 1:colcon.colcon_core.package_identification:_identify(gym_world/include) by extension 'python_setup_py'
[0.426s] Level 1:colcon.colcon_core.package_identification:_identify(gym_world/include/gym_world) by extensions ['ignore', 'ignore_ament_install']
[0.426s] Level 1:colcon.colcon_core.package_identification:_identify(gym_world/include/gym_world) by extension 'ignore'
[0.426s] Level 1:colcon.colcon_core.package_identification:_identify(gym_world/include/gym_world) by extension 'ignore_ament_install'
[0.426s] Level 1:colcon.colcon_core.package_identification:_identify(gym_world/include/gym_world) by extensions ['colcon_pkg']
[0.426s] Level 1:colcon.colcon_core.package_identification:_identify(gym_world/include/gym_world) by extension 'colcon_pkg'
[0.426s] Level 1:colcon.colcon_core.package_identification:_identify(gym_world/include/gym_world) by extensions ['colcon_meta']
[0.426s] Level 1:colcon.colcon_core.package_identification:_identify(gym_world/include/gym_world) by extension 'colcon_meta'
[0.426s] Level 1:colcon.colcon_core.package_identification:_identify(gym_world/include/gym_world) by extensions ['ros']
[0.426s] Level 1:colcon.colcon_core.package_identification:_identify(gym_world/include/gym_world) by extension 'ros'
[0.427s] Level 1:colcon.colcon_core.package_identification:_identify(gym_world/include/gym_world) by extensions ['cmake', 'python']
[0.427s] Level 1:colcon.colcon_core.package_identification:_identify(gym_world/include/gym_world) by extension 'cmake'
[0.427s] Level 1:colcon.colcon_core.package_identification:_identify(gym_world/include/gym_world) by extension 'python'
[0.427s] Level 1:colcon.colcon_core.package_identification:_identify(gym_world/include/gym_world) by extensions ['python_setup_py']
[0.427s] Level 1:colcon.colcon_core.package_identification:_identify(gym_world/include/gym_world) by extension 'python_setup_py'
[0.427s] Level 1:colcon.colcon_core.package_identification:_identify(gymbrot) by extensions ['ignore', 'ignore_ament_install']
[0.427s] Level 1:colcon.colcon_core.package_identification:_identify(gymbrot) by extension 'ignore'
[0.427s] Level 1:colcon.colcon_core.package_identification:_identify(gymbrot) by extension 'ignore_ament_install'
[0.427s] Level 1:colcon.colcon_core.package_identification:_identify(gymbrot) by extensions ['colcon_pkg']
[0.427s] Level 1:colcon.colcon_core.package_identification:_identify(gymbrot) by extension 'colcon_pkg'
[0.428s] Level 1:colcon.colcon_core.package_identification:_identify(gymbrot) by extensions ['colcon_meta']
[0.428s] Level 1:colcon.colcon_core.package_identification:_identify(gymbrot) by extension 'colcon_meta'
[0.428s] Level 1:colcon.colcon_core.package_identification:_identify(gymbrot) by extensions ['ros']
[0.428s] Level 1:colcon.colcon_core.package_identification:_identify(gymbrot) by extension 'ros'
[0.430s] DEBUG:colcon.colcon_core.package_identification:Package 'gymbrot' with type 'ros.ament_cmake' and name 'gymbrot'
[0.431s] Level 1:colcon.colcon_core.package_identification:_identify(gymbrot_capture_image) by extensions ['ignore', 'ignore_ament_install']
[0.431s] Level 1:colcon.colcon_core.package_identification:_identify(gymbrot_capture_image) by extension 'ignore'
[0.431s] Level 1:colcon.colcon_core.package_identification:_identify(gymbrot_capture_image) by extension 'ignore_ament_install'
[0.431s] Level 1:colcon.colcon_core.package_identification:_identify(gymbrot_capture_image) by extensions ['colcon_pkg']
[0.431s] Level 1:colcon.colcon_core.package_identification:_identify(gymbrot_capture_image) by extension 'colcon_pkg'
[0.431s] Level 1:colcon.colcon_core.package_identification:_identify(gymbrot_capture_image) by extensions ['colcon_meta']
[0.431s] Level 1:colcon.colcon_core.package_identification:_identify(gymbrot_capture_image) by extension 'colcon_meta'
[0.431s] Level 1:colcon.colcon_core.package_identification:_identify(gymbrot_capture_image) by extensions ['ros']
[0.431s] Level 1:colcon.colcon_core.package_identification:_identify(gymbrot_capture_image) by extension 'ros'
[0.432s] DEBUG:colcon.colcon_core.package_identification:Package 'gymbrot_capture_image' with type 'ros.ament_python' and name 'gymbrot_capture_image'
[0.432s] Level 1:colcon.colcon_core.package_identification:_identify(gymbrot_capture_poses) by extensions ['ignore', 'ignore_ament_install']
[0.432s] Level 1:colcon.colcon_core.package_identification:_identify(gymbrot_capture_poses) by extension 'ignore'
[0.432s] Level 1:colcon.colcon_core.package_identification:_identify(gymbrot_capture_poses) by extension 'ignore_ament_install'
[0.432s] Level 1:colcon.colcon_core.package_identification:_identify(gymbrot_capture_poses) by extensions ['colcon_pkg']
[0.432s] Level 1:colcon.colcon_core.package_identification:_identify(gymbrot_capture_poses) by extension 'colcon_pkg'
[0.432s] Level 1:colcon.colcon_core.package_identification:_identify(gymbrot_capture_poses) by extensions ['colcon_meta']
[0.433s] Level 1:colcon.colcon_core.package_identification:_identify(gymbrot_capture_poses) by extension 'colcon_meta'
[0.433s] Level 1:colcon.colcon_core.package_identification:_identify(gymbrot_capture_poses) by extensions ['ros']
[0.433s] Level 1:colcon.colcon_core.package_identification:_identify(gymbrot_capture_poses) by extension 'ros'
[0.433s] DEBUG:colcon.colcon_core.package_identification:Package 'gymbrot_capture_poses' with type 'ros.ament_python' and name 'gymbrot_capture_poses'
[0.434s] Level 1:colcon.colcon_core.package_identification:_identify(gymbrot_interfaces) by extensions ['ignore', 'ignore_ament_install']
[0.434s] Level 1:colcon.colcon_core.package_identification:_identify(gymbrot_interfaces) by extension 'ignore'
[0.434s] Level 1:colcon.colcon_core.package_identification:_identify(gymbrot_interfaces) by extension 'ignore_ament_install'
[0.434s] Level 1:colcon.colcon_core.package_identification:_identify(gymbrot_interfaces) by extensions ['colcon_pkg']
[0.434s] Level 1:colcon.colcon_core.package_identification:_identify(gymbrot_interfaces) by extension 'colcon_pkg'
[0.434s] Level 1:colcon.colcon_core.package_identification:_identify(gymbrot_interfaces) by extensions ['colcon_meta']
[0.434s] Level 1:colcon.colcon_core.package_identification:_identify(gymbrot_interfaces) by extension 'colcon_meta'
[0.434s] Level 1:colcon.colcon_core.package_identification:_identify(gymbrot_interfaces) by extensions ['ros']
[0.434s] Level 1:colcon.colcon_core.package_identification:_identify(gymbrot_interfaces) by extension 'ros'
[0.435s] DEBUG:colcon.colcon_core.package_identification:Package 'gymbrot_interfaces' with type 'ros.ament_cmake' and name 'gymbrot_interfaces'
[0.435s] Level 1:colcon.colcon_core.package_identification:_identify(gymbrot_point_nav_system) by extensions ['ignore', 'ignore_ament_install']
[0.435s] Level 1:colcon.colcon_core.package_identification:_identify(gymbrot_point_nav_system) by extension 'ignore'
[0.435s] Level 1:colcon.colcon_core.package_identification:_identify(gymbrot_point_nav_system) by extension 'ignore_ament_install'
[0.435s] Level 1:colcon.colcon_core.package_identification:_identify(gymbrot_point_nav_system) by extensions ['colcon_pkg']
[0.435s] Level 1:colcon.colcon_core.package_identification:_identify(gymbrot_point_nav_system) by extension 'colcon_pkg'
[0.435s] Level 1:colcon.colcon_core.package_identification:_identify(gymbrot_point_nav_system) by extensions ['colcon_meta']
[0.435s] Level 1:colcon.colcon_core.package_identification:_identify(gymbrot_point_nav_system) by extension 'colcon_meta'
[0.435s] Level 1:colcon.colcon_core.package_identification:_identify(gymbrot_point_nav_system) by extensions ['ros']
[0.435s] Level 1:colcon.colcon_core.package_identification:_identify(gymbrot_point_nav_system) by extension 'ros'
[0.436s] DEBUG:colcon.colcon_core.package_identification:Package 'gymbrot_point_nav_system' with type 'ros.ament_python' and name 'gymbrot_point_nav_system'
[0.436s] Level 1:colcon.colcon_core.package_identification:_identify(gymbrot_world) by extensions ['ignore', 'ignore_ament_install']
[0.437s] Level 1:colcon.colcon_core.package_identification:_identify(gymbrot_world) by extension 'ignore'
[0.437s] Level 1:colcon.colcon_core.package_identification:_identify(gymbrot_world) by extension 'ignore_ament_install'
[0.437s] Level 1:colcon.colcon_core.package_identification:_identify(gymbrot_world) by extensions ['colcon_pkg']
[0.437s] Level 1:colcon.colcon_core.package_identification:_identify(gymbrot_world) by extension 'colcon_pkg'
[0.437s] Level 1:colcon.colcon_core.package_identification:_identify(gymbrot_world) by extensions ['colcon_meta']
[0.437s] Level 1:colcon.colcon_core.package_identification:_identify(gymbrot_world) by extension 'colcon_meta'
[0.437s] Level 1:colcon.colcon_core.package_identification:_identify(gymbrot_world) by extensions ['ros']
[0.437s] Level 1:colcon.colcon_core.package_identification:_identify(gymbrot_world) by extension 'ros'
[0.438s] DEBUG:colcon.colcon_core.package_identification:Package 'gymbrot_world' with type 'ros.ament_cmake' and name 'gymbrot_world'
[0.438s] Level 1:colcon.colcon_core.package_identification:_identify(install) by extensions ['ignore', 'ignore_ament_install']
[0.438s] Level 1:colcon.colcon_core.package_identification:_identify(install) by extension 'ignore'
[0.438s] Level 1:colcon.colcon_core.package_identification:_identify(install) ignored
[0.438s] Level 1:colcon.colcon_core.package_identification:_identify(log) by extensions ['ignore', 'ignore_ament_install']
[0.438s] Level 1:colcon.colcon_core.package_identification:_identify(log) by extension 'ignore'
[0.439s] Level 1:colcon.colcon_core.package_identification:_identify(log) ignored
[0.439s] Level 1:colcon.colcon_core.package_identification:_identify(rosweb) by extensions ['ignore', 'ignore_ament_install']
[0.439s] Level 1:colcon.colcon_core.package_identification:_identify(rosweb) by extension 'ignore'
[0.439s] Level 1:colcon.colcon_core.package_identification:_identify(rosweb) by extension 'ignore_ament_install'
[0.439s] Level 1:colcon.colcon_core.package_identification:_identify(rosweb) by extensions ['colcon_pkg']
[0.439s] Level 1:colcon.colcon_core.package_identification:_identify(rosweb) by extension 'colcon_pkg'
[0.439s] Level 1:colcon.colcon_core.package_identification:_identify(rosweb) by extensions ['colcon_meta']
[0.439s] Level 1:colcon.colcon_core.package_identification:_identify(rosweb) by extension 'colcon_meta'
[0.439s] Level 1:colcon.colcon_core.package_identification:_identify(rosweb) by extensions ['ros']
[0.439s] Level 1:colcon.colcon_core.package_identification:_identify(rosweb) by extension 'ros'
[0.439s] Level 1:colcon.colcon_core.package_identification:_identify(rosweb) by extensions ['cmake', 'python']
[0.439s] Level 1:colcon.colcon_core.package_identification:_identify(rosweb) by extension 'cmake'
[0.439s] Level 1:colcon.colcon_core.package_identification:_identify(rosweb) by extension 'python'
[0.439s] Level 1:colcon.colcon_core.package_identification:_identify(rosweb) by extensions ['python_setup_py']
[0.439s] Level 1:colcon.colcon_core.package_identification:_identify(rosweb) by extension 'python_setup_py'
[0.439s] Level 1:colcon.colcon_core.package_identification:_identify(rosweb/assets) by extensions ['ignore', 'ignore_ament_install']
[0.439s] Level 1:colcon.colcon_core.package_identification:_identify(rosweb/assets) by extension 'ignore'
[0.439s] Level 1:colcon.colcon_core.package_identification:_identify(rosweb/assets) by extension 'ignore_ament_install'
[0.439s] Level 1:colcon.colcon_core.package_identification:_identify(rosweb/assets) by extensions ['colcon_pkg']
[0.439s] Level 1:colcon.colcon_core.package_identification:_identify(rosweb/assets) by extension 'colcon_pkg'
[0.439s] Level 1:colcon.colcon_core.package_identification:_identify(rosweb/assets) by extensions ['colcon_meta']
[0.439s] Level 1:colcon.colcon_core.package_identification:_identify(rosweb/assets) by extension 'colcon_meta'
[0.439s] Level 1:colcon.colcon_core.package_identification:_identify(rosweb/assets) by extensions ['ros']
[0.440s] Level 1:colcon.colcon_core.package_identification:_identify(rosweb/assets) by extension 'ros'
[0.440s] Level 1:colcon.colcon_core.package_identification:_identify(rosweb/assets) by extensions ['cmake', 'python']
[0.440s] Level 1:colcon.colcon_core.package_identification:_identify(rosweb/assets) by extension 'cmake'
[0.440s] Level 1:colcon.colcon_core.package_identification:_identify(rosweb/assets) by extension 'python'
[0.440s] Level 1:colcon.colcon_core.package_identification:_identify(rosweb/assets) by extensions ['python_setup_py']
[0.440s] Level 1:colcon.colcon_core.package_identification:_identify(rosweb/assets) by extension 'python_setup_py'
[0.440s] Level 1:colcon.colcon_core.package_identification:_identify(rosweb/bbdd) by extensions ['ignore', 'ignore_ament_install']
[0.440s] Level 1:colcon.colcon_core.package_identification:_identify(rosweb/bbdd) by extension 'ignore'
[0.440s] Level 1:colcon.colcon_core.package_identification:_identify(rosweb/bbdd) by extension 'ignore_ament_install'
[0.440s] Level 1:colcon.colcon_core.package_identification:_identify(rosweb/bbdd) by extensions ['colcon_pkg']
[0.440s] Level 1:colcon.colcon_core.package_identification:_identify(rosweb/bbdd) by extension 'colcon_pkg'
[0.440s] Level 1:colcon.colcon_core.package_identification:_identify(rosweb/bbdd) by extensions ['colcon_meta']
[0.440s] Level 1:colcon.colcon_core.package_identification:_identify(rosweb/bbdd) by extension 'colcon_meta'
[0.440s] Level 1:colcon.colcon_core.package_identification:_identify(rosweb/bbdd) by extensions ['ros']
[0.440s] Level 1:colcon.colcon_core.package_identification:_identify(rosweb/bbdd) by extension 'ros'
[0.440s] Level 1:colcon.colcon_core.package_identification:_identify(rosweb/bbdd) by extensions ['cmake', 'python']
[0.440s] Level 1:colcon.colcon_core.package_identification:_identify(rosweb/bbdd) by extension 'cmake'
[0.440s] Level 1:colcon.colcon_core.package_identification:_identify(rosweb/bbdd) by extension 'python'
[0.440s] Level 1:colcon.colcon_core.package_identification:_identify(rosweb/bbdd) by extensions ['python_setup_py']
[0.440s] Level 1:colcon.colcon_core.package_identification:_identify(rosweb/bbdd) by extension 'python_setup_py'
[0.440s] Level 1:colcon.colcon_core.package_identification:_identify(rosweb/html) by extensions ['ignore', 'ignore_ament_install']
[0.441s] Level 1:colcon.colcon_core.package_identification:_identify(rosweb/html) by extension 'ignore'
[0.441s] Level 1:colcon.colcon_core.package_identification:_identify(rosweb/html) by extension 'ignore_ament_install'
[0.441s] Level 1:colcon.colcon_core.package_identification:_identify(rosweb/html) by extensions ['colcon_pkg']
[0.441s] Level 1:colcon.colcon_core.package_identification:_identify(rosweb/html) by extension 'colcon_pkg'
[0.441s] Level 1:colcon.colcon_core.package_identification:_identify(rosweb/html) by extensions ['colcon_meta']
[0.441s] Level 1:colcon.colcon_core.package_identification:_identify(rosweb/html) by extension 'colcon_meta'
[0.441s] Level 1:colcon.colcon_core.package_identification:_identify(rosweb/html) by extensions ['ros']
[0.441s] Level 1:colcon.colcon_core.package_identification:_identify(rosweb/html) by extension 'ros'
[0.441s] Level 1:colcon.colcon_core.package_identification:_identify(rosweb/html) by extensions ['cmake', 'python']
[0.441s] Level 1:colcon.colcon_core.package_identification:_identify(rosweb/html) by extension 'cmake'
[0.441s] Level 1:colcon.colcon_core.package_identification:_identify(rosweb/html) by extension 'python'
[0.441s] Level 1:colcon.colcon_core.package_identification:_identify(rosweb/html) by extensions ['python_setup_py']
[0.441s] Level 1:colcon.colcon_core.package_identification:_identify(rosweb/html) by extension 'python_setup_py'
[0.441s] Level 1:colcon.colcon_core.package_identification:_identify(rosweb/js) by extensions ['ignore', 'ignore_ament_install']
[0.441s] Level 1:colcon.colcon_core.package_identification:_identify(rosweb/js) by extension 'ignore'
[0.441s] Level 1:colcon.colcon_core.package_identification:_identify(rosweb/js) by extension 'ignore_ament_install'
[0.441s] Level 1:colcon.colcon_core.package_identification:_identify(rosweb/js) by extensions ['colcon_pkg']
[0.441s] Level 1:colcon.colcon_core.package_identification:_identify(rosweb/js) by extension 'colcon_pkg'
[0.442s] Level 1:colcon.colcon_core.package_identification:_identify(rosweb/js) by extensions ['colcon_meta']
[0.442s] Level 1:colcon.colcon_core.package_identification:_identify(rosweb/js) by extension 'colcon_meta'
[0.442s] Level 1:colcon.colcon_core.package_identification:_identify(rosweb/js) by extensions ['ros']
[0.442s] Level 1:colcon.colcon_core.package_identification:_identify(rosweb/js) by extension 'ros'
[0.442s] Level 1:colcon.colcon_core.package_identification:_identify(rosweb/js) by extensions ['cmake', 'python']
[0.442s] Level 1:colcon.colcon_core.package_identification:_identify(rosweb/js) by extension 'cmake'
[0.442s] Level 1:colcon.colcon_core.package_identification:_identify(rosweb/js) by extension 'python'
[0.442s] Level 1:colcon.colcon_core.package_identification:_identify(rosweb/js) by extensions ['python_setup_py']
[0.442s] Level 1:colcon.colcon_core.package_identification:_identify(rosweb/js) by extension 'python_setup_py'
[0.442s] Level 1:colcon.colcon_core.package_identification:_identify(rosweb/js/doc) by extensions ['ignore', 'ignore_ament_install']
[0.442s] Level 1:colcon.colcon_core.package_identification:_identify(rosweb/js/doc) by extension 'ignore'
[0.442s] Level 1:colcon.colcon_core.package_identification:_identify(rosweb/js/doc) by extension 'ignore_ament_install'
[0.442s] Level 1:colcon.colcon_core.package_identification:_identify(rosweb/js/doc) by extensions ['colcon_pkg']
[0.442s] Level 1:colcon.colcon_core.package_identification:_identify(rosweb/js/doc) by extension 'colcon_pkg'
[0.442s] Level 1:colcon.colcon_core.package_identification:_identify(rosweb/js/doc) by extensions ['colcon_meta']
[0.442s] Level 1:colcon.colcon_core.package_identification:_identify(rosweb/js/doc) by extension 'colcon_meta'
[0.442s] Level 1:colcon.colcon_core.package_identification:_identify(rosweb/js/doc) by extensions ['ros']
[0.442s] Level 1:colcon.colcon_core.package_identification:_identify(rosweb/js/doc) by extension 'ros'
[0.442s] Level 1:colcon.colcon_core.package_identification:_identify(rosweb/js/doc) by extensions ['cmake', 'python']
[0.442s] Level 1:colcon.colcon_core.package_identification:_identify(rosweb/js/doc) by extension 'cmake'
[0.442s] Level 1:colcon.colcon_core.package_identification:_identify(rosweb/js/doc) by extension 'python'
[0.442s] Level 1:colcon.colcon_core.package_identification:_identify(rosweb/js/doc) by extensions ['python_setup_py']
[0.442s] Level 1:colcon.colcon_core.package_identification:_identify(rosweb/js/doc) by extension 'python_setup_py'
[0.443s] Level 1:colcon.colcon_core.package_identification:_identify(rosweb/js/doc/fonts) by extensions ['ignore', 'ignore_ament_install']
[0.443s] Level 1:colcon.colcon_core.package_identification:_identify(rosweb/js/doc/fonts) by extension 'ignore'
[0.443s] Level 1:colcon.colcon_core.package_identification:_identify(rosweb/js/doc/fonts) by extension 'ignore_ament_install'
[0.443s] Level 1:colcon.colcon_core.package_identification:_identify(rosweb/js/doc/fonts) by extensions ['colcon_pkg']
[0.443s] Level 1:colcon.colcon_core.package_identification:_identify(rosweb/js/doc/fonts) by extension 'colcon_pkg'
[0.443s] Level 1:colcon.colcon_core.package_identification:_identify(rosweb/js/doc/fonts) by extensions ['colcon_meta']
[0.443s] Level 1:colcon.colcon_core.package_identification:_identify(rosweb/js/doc/fonts) by extension 'colcon_meta'
[0.443s] Level 1:colcon.colcon_core.package_identification:_identify(rosweb/js/doc/fonts) by extensions ['ros']
[0.443s] Level 1:colcon.colcon_core.package_identification:_identify(rosweb/js/doc/fonts) by extension 'ros'
[0.443s] Level 1:colcon.colcon_core.package_identification:_identify(rosweb/js/doc/fonts) by extensions ['cmake', 'python']
[0.443s] Level 1:colcon.colcon_core.package_identification:_identify(rosweb/js/doc/fonts) by extension 'cmake'
[0.443s] Level 1:colcon.colcon_core.package_identification:_identify(rosweb/js/doc/fonts) by extension 'python'
[0.443s] Level 1:colcon.colcon_core.package_identification:_identify(rosweb/js/doc/fonts) by extensions ['python_setup_py']
[0.443s] Level 1:colcon.colcon_core.package_identification:_identify(rosweb/js/doc/fonts) by extension 'python_setup_py'
[0.443s] Level 1:colcon.colcon_core.package_identification:_identify(rosweb/js/doc/scripts) by extensions ['ignore', 'ignore_ament_install']
[0.443s] Level 1:colcon.colcon_core.package_identification:_identify(rosweb/js/doc/scripts) by extension 'ignore'
[0.443s] Level 1:colcon.colcon_core.package_identification:_identify(rosweb/js/doc/scripts) by extension 'ignore_ament_install'
[0.443s] Level 1:colcon.colcon_core.package_identification:_identify(rosweb/js/doc/scripts) by extensions ['colcon_pkg']
[0.443s] Level 1:colcon.colcon_core.package_identification:_identify(rosweb/js/doc/scripts) by extension 'colcon_pkg'
[0.443s] Level 1:colcon.colcon_core.package_identification:_identify(rosweb/js/doc/scripts) by extensions ['colcon_meta']
[0.443s] Level 1:colcon.colcon_core.package_identification:_identify(rosweb/js/doc/scripts) by extension 'colcon_meta'
[0.443s] Level 1:colcon.colcon_core.package_identification:_identify(rosweb/js/doc/scripts) by extensions ['ros']
[0.443s] Level 1:colcon.colcon_core.package_identification:_identify(rosweb/js/doc/scripts) by extension 'ros'
[0.444s] Level 1:colcon.colcon_core.package_identification:_identify(rosweb/js/doc/scripts) by extensions ['cmake', 'python']
[0.444s] Level 1:colcon.colcon_core.package_identification:_identify(rosweb/js/doc/scripts) by extension 'cmake'
[0.444s] Level 1:colcon.colcon_core.package_identification:_identify(rosweb/js/doc/scripts) by extension 'python'
[0.444s] Level 1:colcon.colcon_core.package_identification:_identify(rosweb/js/doc/scripts) by extensions ['python_setup_py']
[0.444s] Level 1:colcon.colcon_core.package_identification:_identify(rosweb/js/doc/scripts) by extension 'python_setup_py'
[0.444s] Level 1:colcon.colcon_core.package_identification:_identify(rosweb/js/doc/scripts/prettify) by extensions ['ignore', 'ignore_ament_install']
[0.444s] Level 1:colcon.colcon_core.package_identification:_identify(rosweb/js/doc/scripts/prettify) by extension 'ignore'
[0.444s] Level 1:colcon.colcon_core.package_identification:_identify(rosweb/js/doc/scripts/prettify) by extension 'ignore_ament_install'
[0.444s] Level 1:colcon.colcon_core.package_identification:_identify(rosweb/js/doc/scripts/prettify) by extensions ['colcon_pkg']
[0.444s] Level 1:colcon.colcon_core.package_identification:_identify(rosweb/js/doc/scripts/prettify) by extension 'colcon_pkg'
[0.444s] Level 1:colcon.colcon_core.package_identification:_identify(rosweb/js/doc/scripts/prettify) by extensions ['colcon_meta']
[0.444s] Level 1:colcon.colcon_core.package_identification:_identify(rosweb/js/doc/scripts/prettify) by extension 'colcon_meta'
[0.444s] Level 1:colcon.colcon_core.package_identification:_identify(rosweb/js/doc/scripts/prettify) by extensions ['ros']
[0.445s] Level 1:colcon.colcon_core.package_identification:_identify(rosweb/js/doc/scripts/prettify) by extension 'ros'
[0.445s] Level 1:colcon.colcon_core.package_identification:_identify(rosweb/js/doc/scripts/prettify) by extensions ['cmake', 'python']
[0.445s] Level 1:colcon.colcon_core.package_identification:_identify(rosweb/js/doc/scripts/prettify) by extension 'cmake'
[0.445s] Level 1:colcon.colcon_core.package_identification:_identify(rosweb/js/doc/scripts/prettify) by extension 'python'
[0.445s] Level 1:colcon.colcon_core.package_identification:_identify(rosweb/js/doc/scripts/prettify) by extensions ['python_setup_py']
[0.445s] Level 1:colcon.colcon_core.package_identification:_identify(rosweb/js/doc/scripts/prettify) by extension 'python_setup_py'
[0.445s] Level 1:colcon.colcon_core.package_identification:_identify(rosweb/js/doc/styles) by extensions ['ignore', 'ignore_ament_install']
[0.445s] Level 1:colcon.colcon_core.package_identification:_identify(rosweb/js/doc/styles) by extension 'ignore'
[0.445s] Level 1:colcon.colcon_core.package_identification:_identify(rosweb/js/doc/styles) by extension 'ignore_ament_install'
[0.445s] Level 1:colcon.colcon_core.package_identification:_identify(rosweb/js/doc/styles) by extensions ['colcon_pkg']
[0.445s] Level 1:colcon.colcon_core.package_identification:_identify(rosweb/js/doc/styles) by extension 'colcon_pkg'
[0.445s] Level 1:colcon.colcon_core.package_identification:_identify(rosweb/js/doc/styles) by extensions ['colcon_meta']
[0.445s] Level 1:colcon.colcon_core.package_identification:_identify(rosweb/js/doc/styles) by extension 'colcon_meta'
[0.445s] Level 1:colcon.colcon_core.package_identification:_identify(rosweb/js/doc/styles) by extensions ['ros']
[0.445s] Level 1:colcon.colcon_core.package_identification:_identify(rosweb/js/doc/styles) by extension 'ros'
[0.445s] Level 1:colcon.colcon_core.package_identification:_identify(rosweb/js/doc/styles) by extensions ['cmake', 'python']
[0.445s] Level 1:colcon.colcon_core.package_identification:_identify(rosweb/js/doc/styles) by extension 'cmake'
[0.445s] Level 1:colcon.colcon_core.package_identification:_identify(rosweb/js/doc/styles) by extension 'python'
[0.445s] Level 1:colcon.colcon_core.package_identification:_identify(rosweb/js/doc/styles) by extensions ['python_setup_py']
[0.445s] Level 1:colcon.colcon_core.package_identification:_identify(rosweb/js/doc/styles) by extension 'python_setup_py'
[0.446s] Level 1:colcon.colcon_core.package_identification:_identify(rosweb/php) by extensions ['ignore', 'ignore_ament_install']
[0.446s] Level 1:colcon.colcon_core.package_identification:_identify(rosweb/php) by extension 'ignore'
[0.446s] Level 1:colcon.colcon_core.package_identification:_identify(rosweb/php) by extension 'ignore_ament_install'
[0.446s] Level 1:colcon.colcon_core.package_identification:_identify(rosweb/php) by extensions ['colcon_pkg']
[0.446s] Level 1:colcon.colcon_core.package_identification:_identify(rosweb/php) by extension 'colcon_pkg'
[0.446s] Level 1:colcon.colcon_core.package_identification:_identify(rosweb/php) by extensions ['colcon_meta']
[0.446s] Level 1:colcon.colcon_core.package_identification:_identify(rosweb/php) by extension 'colcon_meta'
[0.446s] Level 1:colcon.colcon_core.package_identification:_identify(rosweb/php) by extensions ['ros']
[0.446s] Level 1:colcon.colcon_core.package_identification:_identify(rosweb/php) by extension 'ros'
[0.446s] Level 1:colcon.colcon_core.package_identification:_identify(rosweb/php) by extensions ['cmake', 'python']
[0.446s] Level 1:colcon.colcon_core.package_identification:_identify(rosweb/php) by extension 'cmake'
[0.446s] Level 1:colcon.colcon_core.package_identification:_identify(rosweb/php) by extension 'python'
[0.446s] Level 1:colcon.colcon_core.package_identification:_identify(rosweb/php) by extensions ['python_setup_py']
[0.446s] Level 1:colcon.colcon_core.package_identification:_identify(rosweb/php) by extension 'python_setup_py'
[0.446s] Level 1:colcon.colcon_core.package_discovery:discover_packages(recursive) using defaults
[0.446s] Level 1:colcon.colcon_core.package_discovery:discover_packages(ignore) discover
[0.446s] Level 1:colcon.colcon_core.package_discovery:discover_packages(ignore) using defaults
[0.446s] Level 1:colcon.colcon_core.package_discovery:discover_packages(path) discover
[0.446s] Level 1:colcon.colcon_core.package_discovery:discover_packages(path) using defaults
[0.484s] INFO:colcon.colcon_core.package_selection:Skipping not selected package 'gymbrot_capture_image' in 'gymbrot_capture_image'
[0.485s] INFO:colcon.colcon_core.package_selection:Skipping not selected package 'gymbrot_interfaces' in 'gymbrot_interfaces'
[0.486s] INFO:colcon.colcon_core.package_selection:Skipping not selected package 'gymbrot_point_nav_system' in 'gymbrot_point_nav_system'
[0.486s] INFO:colcon.colcon_core.package_selection:Skipping not selected package 'gymbrot_world' in 'gymbrot_world'
[0.486s] INFO:colcon.colcon_core.package_selection:Skipping not selected package 'gymbrot' in 'gymbrot'
[0.487s] Level 1:colcon.colcon_core.package_discovery:discover_packages(prefix_path) check parameters
[0.488s] Level 1:colcon.colcon_core.package_discovery:discover_packages(prefix_path) discover
[0.492s] DEBUG:colcon.colcon_installed_package_information.package_discovery:Found 20 installed packages in /home/marcos04/turtlebot3_ws/install
[0.494s] DEBUG:colcon.colcon_installed_package_information.package_discovery:Found 337 installed packages in /opt/ros/galactic
[0.496s] Level 1:colcon.colcon_core.package_discovery:discover_packages(prefix_path) using defaults
[0.575s] Level 5:colcon.colcon_core.verb:set package 'gymbrot_capture_poses' build argument 'cmake_args' from command line to 'None'
[0.575s] Level 5:colcon.colcon_core.verb:set package 'gymbrot_capture_poses' build argument 'cmake_target' from command line to 'None'
[0.575s] Level 5:colcon.colcon_core.verb:set package 'gymbrot_capture_poses' build argument 'cmake_target_skip_unavailable' from command line to 'False'
[0.575s] Level 5:colcon.colcon_core.verb:set package 'gymbrot_capture_poses' build argument 'cmake_clean_cache' from command line to 'False'
[0.576s] Level 5:colcon.colcon_core.verb:set package 'gymbrot_capture_poses' build argument 'cmake_clean_first' from command line to 'False'
[0.576s] Level 5:colcon.colcon_core.verb:set package 'gymbrot_capture_poses' build argument 'cmake_force_configure' from command line to 'False'
[0.576s] Level 5:colcon.colcon_core.verb:set package 'gymbrot_capture_poses' build argument 'ament_cmake_args' from command line to 'None'
[0.576s] Level 5:colcon.colcon_core.verb:set package 'gymbrot_capture_poses' build argument 'catkin_cmake_args' from command line to 'None'
[0.576s] Level 5:colcon.colcon_core.verb:set package 'gymbrot_capture_poses' build argument 'catkin_skip_building_tests' from command line to 'False'
[0.576s] DEBUG:colcon.colcon_core.verb:Building package 'gymbrot_capture_poses' with the following arguments: {'ament_cmake_args': None, 'build_base': '/home/marcos04/turtlebot3_ws/src/gymbrot/build/gymbrot_capture_poses', 'catkin_cmake_args': None, 'catkin_skip_building_tests': False, 'cmake_args': None, 'cmake_clean_cache': False, 'cmake_clean_first': False, 'cmake_force_configure': False, 'cmake_target': None, 'cmake_target_skip_unavailable': False, 'install_base': '/home/marcos04/turtlebot3_ws/src/gymbrot/install/gymbrot_capture_poses', 'merge_install': False, 'path': '/home/marcos04/turtlebot3_ws/src/gymbrot/gymbrot_capture_poses', 'symlink_install': False, 'test_result_base': None}
[0.576s] INFO:colcon.colcon_core.executor:Executing jobs using 'parallel' executor
[0.577s] DEBUG:colcon.colcon_parallel_executor.executor.parallel:run_until_complete
[0.578s] INFO:colcon.colcon_ros.task.ament_python.build:Building ROS package in '/home/marcos04/turtlebot3_ws/src/gymbrot/gymbrot_capture_poses' with build type 'ament_python'
[0.578s] Level 1:colcon.colcon_core.shell:create_environment_hook('gymbrot_capture_poses', 'ament_prefix_path')
[0.583s] INFO:colcon.colcon_core.plugin_system:Skipping extension 'colcon_core.shell.bat': Not used on non-Windows systems
[0.584s] INFO:colcon.colcon_core.shell:Creating environment hook '/home/marcos04/turtlebot3_ws/src/gymbrot/install/gymbrot_capture_poses/share/gymbrot_capture_poses/hook/ament_prefix_path.ps1'
[0.585s] INFO:colcon.colcon_core.shell:Creating environment descriptor '/home/marcos04/turtlebot3_ws/src/gymbrot/install/gymbrot_capture_poses/share/gymbrot_capture_poses/hook/ament_prefix_path.dsv'
[0.586s] INFO:colcon.colcon_core.shell:Creating environment hook '/home/marcos04/turtlebot3_ws/src/gymbrot/install/gymbrot_capture_poses/share/gymbrot_capture_poses/hook/ament_prefix_path.sh'
[0.588s] INFO:colcon.colcon_core.shell:Skip shell extension 'powershell' for command environment: Not usable outside of PowerShell
[0.588s] DEBUG:colcon.colcon_core.shell:Skip shell extension 'dsv' for command environment
[0.862s] INFO:colcon.colcon_core.task.python.build:Building Python package in '/home/marcos04/turtlebot3_ws/src/gymbrot/gymbrot_capture_poses'
[0.866s] INFO:colcon.colcon_core.shell:Skip shell extension 'powershell' for command environment: Not usable outside of PowerShell
[0.866s] DEBUG:colcon.colcon_core.shell:Skip shell extension 'dsv' for command environment
[1.373s] DEBUG:colcon.colcon_core.event_handler.log_command:Invoking command in '/home/marcos04/turtlebot3_ws/src/gymbrot/gymbrot_capture_poses': PYTHONPATH=/home/marcos04/turtlebot3_ws/src/gymbrot/build/gymbrot_capture_poses/prefix_override:/usr/lib/python3/dist-packages/colcon_core/task/python/colcon_distutils_commands:/home/marcos04/turtlebot3_ws/src/gymbrot/install/gymbrot_capture_poses/lib/python3.8/site-packages:${PYTHONPATH} /usr/bin/python3 -W ignore:setup.py install is deprecated -W ignore:easy_install command is deprecated setup.py egg_info --egg-base ../build/gymbrot_capture_poses build --build-base /home/marcos04/turtlebot3_ws/src/gymbrot/build/gymbrot_capture_poses/build install --record /home/marcos04/turtlebot3_ws/src/gymbrot/build/gymbrot_capture_poses/install.log --single-version-externally-managed install_data
[1.722s] DEBUG:colcon.colcon_core.event_handler.log_command:Invoked command in '/home/marcos04/turtlebot3_ws/src/gymbrot/gymbrot_capture_poses' returned '0': PYTHONPATH=/home/marcos04/turtlebot3_ws/src/gymbrot/build/gymbrot_capture_poses/prefix_override:/usr/lib/python3/dist-packages/colcon_core/task/python/colcon_distutils_commands:/home/marcos04/turtlebot3_ws/src/gymbrot/install/gymbrot_capture_poses/lib/python3.8/site-packages:${PYTHONPATH} /usr/bin/python3 -W ignore:setup.py install is deprecated -W ignore:easy_install command is deprecated setup.py egg_info --egg-base ../build/gymbrot_capture_poses build --build-base /home/marcos04/turtlebot3_ws/src/gymbrot/build/gymbrot_capture_poses/build install --record /home/marcos04/turtlebot3_ws/src/gymbrot/build/gymbrot_capture_poses/install.log --single-version-externally-managed install_data
[1.726s] Level 1:colcon.colcon_core.environment:checking '/home/marcos04/turtlebot3_ws/src/gymbrot/install/gymbrot_capture_poses' for CMake module files
[1.727s] Level 1:colcon.colcon_core.environment:checking '/home/marcos04/turtlebot3_ws/src/gymbrot/install/gymbrot_capture_poses' for CMake config files
[1.728s] Level 1:colcon.colcon_core.environment:checking '/home/marcos04/turtlebot3_ws/src/gymbrot/install/gymbrot_capture_poses/lib'
[1.730s] Level 1:colcon.colcon_core.environment:checking '/home/marcos04/turtlebot3_ws/src/gymbrot/install/gymbrot_capture_poses/bin'
[1.730s] Level 1:colcon.colcon_core.environment:checking '/home/marcos04/turtlebot3_ws/src/gymbrot/install/gymbrot_capture_poses/lib/pkgconfig/gymbrot_capture_poses.pc'
[1.730s] Level 1:colcon.colcon_core.environment:checking '/home/marcos04/turtlebot3_ws/src/gymbrot/install/gymbrot_capture_poses/lib/python3.8/site-packages'
[1.730s] Level 1:colcon.colcon_core.shell:create_environment_hook('gymbrot_capture_poses', 'pythonpath')
[1.731s] INFO:colcon.colcon_core.shell:Creating environment hook '/home/marcos04/turtlebot3_ws/src/gymbrot/install/gymbrot_capture_poses/share/gymbrot_capture_poses/hook/pythonpath.ps1'
[1.731s] INFO:colcon.colcon_core.shell:Creating environment descriptor '/home/marcos04/turtlebot3_ws/src/gymbrot/install/gymbrot_capture_poses/share/gymbrot_capture_poses/hook/pythonpath.dsv'
[1.732s] INFO:colcon.colcon_core.shell:Creating environment hook '/home/marcos04/turtlebot3_ws/src/gymbrot/install/gymbrot_capture_poses/share/gymbrot_capture_poses/hook/pythonpath.sh'
[1.733s] Level 1:colcon.colcon_core.environment:checking '/home/marcos04/turtlebot3_ws/src/gymbrot/install/gymbrot_capture_poses/bin'
[1.734s] Level 1:colcon.colcon_core.environment:create_environment_scripts_only(gymbrot_capture_poses)
[1.734s] INFO:colcon.colcon_core.shell:Creating package script '/home/marcos04/turtlebot3_ws/src/gymbrot/install/gymbrot_capture_poses/share/gymbrot_capture_poses/package.ps1'
[1.735s] INFO:colcon.colcon_core.shell:Creating package descriptor '/home/marcos04/turtlebot3_ws/src/gymbrot/install/gymbrot_capture_poses/share/gymbrot_capture_poses/package.dsv'
[1.738s] INFO:colcon.colcon_core.shell:Creating package script '/home/marcos04/turtlebot3_ws/src/gymbrot/install/gymbrot_capture_poses/share/gymbrot_capture_poses/package.sh'
[1.739s] INFO:colcon.colcon_core.shell:Creating package script '/home/marcos04/turtlebot3_ws/src/gymbrot/install/gymbrot_capture_poses/share/gymbrot_capture_poses/package.bash'
[1.740s] INFO:colcon.colcon_core.shell:Creating package script '/home/marcos04/turtlebot3_ws/src/gymbrot/install/gymbrot_capture_poses/share/gymbrot_capture_poses/package.zsh'
[1.742s] Level 1:colcon.colcon_core.environment:create_file_with_runtime_dependencies(/home/marcos04/turtlebot3_ws/src/gymbrot/install/gymbrot_capture_poses/share/colcon-core/packages/gymbrot_capture_poses)
[1.743s] DEBUG:colcon.colcon_parallel_executor.executor.parallel:closing loop
[1.743s] DEBUG:colcon.colcon_parallel_executor.executor.parallel:loop closed
[1.743s] DEBUG:colcon.colcon_parallel_executor.executor.parallel:run_until_complete finished with '0'
[1.743s] DEBUG:colcon.colcon_core.event_reactor:joining thread
[1.752s] INFO:colcon.colcon_core.plugin_system:Skipping extension 'colcon_notification.desktop_notification.terminal_notifier': Not used on non-Darwin systems
[1.752s] INFO:colcon.colcon_core.plugin_system:Skipping extension 'colcon_notification.desktop_notification.win32': Not used on non-Windows systems
[1.752s] INFO:colcon.colcon_notification.desktop_notification:Sending desktop notification using 'notify2'
[1.786s] DEBUG:colcon.colcon_core.event_reactor:joined thread
[1.787s] INFO:colcon.colcon_core.shell:Creating prefix script '/home/marcos04/turtlebot3_ws/src/gymbrot/install/local_setup.ps1'
[1.796s] INFO:colcon.colcon_core.shell:Creating prefix util module '/home/marcos04/turtlebot3_ws/src/gymbrot/install/_local_setup_util_ps1.py'
[1.798s] INFO:colcon.colcon_core.shell:Creating prefix chain script '/home/marcos04/turtlebot3_ws/src/gymbrot/install/setup.ps1'
[1.810s] INFO:colcon.colcon_core.shell:Creating prefix script '/home/marcos04/turtlebot3_ws/src/gymbrot/install/local_setup.sh'
[1.813s] INFO:colcon.colcon_core.shell:Creating prefix util module '/home/marcos04/turtlebot3_ws/src/gymbrot/install/_local_setup_util_sh.py'
[1.816s] INFO:colcon.colcon_core.shell:Creating prefix chain script '/home/marcos04/turtlebot3_ws/src/gymbrot/install/setup.sh'
[1.829s] INFO:colcon.colcon_core.shell:Creating prefix script '/home/marcos04/turtlebot3_ws/src/gymbrot/install/local_setup.bash'
[1.831s] INFO:colcon.colcon_core.shell:Creating prefix chain script '/home/marcos04/turtlebot3_ws/src/gymbrot/install/setup.bash'
[1.834s] INFO:colcon.colcon_core.shell:Creating prefix script '/home/marcos04/turtlebot3_ws/src/gymbrot/install/local_setup.zsh'
[1.835s] INFO:colcon.colcon_core.shell:Creating prefix chain script '/home/marcos04/turtlebot3_ws/src/gymbrot/install/setup.zsh'
